../Core/Src/gfx.c:13:6:setTransparent	16	static
../Core/Src/gfx.c:17:6:setPixel	16	static
../Core/Src/gfx.c:20:6:setbgPixel	16	static
../Core/Src/gfx.c:24:6:flushBuffer	8	static
../Core/Src/gfx.c:32:6:_LineLow	40	static
../Core/Src/gfx.c:56:6:_LineHigh	40	static
../Core/Src/gfx.c:80:6:drawLine	32	static
../Core/Src/gfx.c:103:6:plot8CirclePoints	24	static
../Core/Src/gfx.c:116:6:drawCircle	24	static
../Core/Src/gfx.c:131:6:filledCircle	32	static
../Core/Src/gfx.c:159:7:Atan2	32	static
../Core/Src/gfx.c:187:6:CheckAngle	24	static
../Core/Src/gfx.c:206:6:plot8ArcPoints	24	static
../Core/Src/gfx.c:219:6:drawArc	32	static
../Core/Src/gfx.c:237:6:drawPie	24	static
../Core/Src/gfx.c:248:6:drawRect	24	static
../Core/Src/gfx.c:255:6:filledRect	32	static
../Core/Src/gfx.c:281:6:fillScreen	8	static
../Core/Src/gfx.c:316:6:setFont	24	static
../Core/Src/gfx.c:325:10:_lookupGlyph	24	static
../Core/Src/gfx.c:343:6:drawGlyph	24	static
../Core/Src/gfx.c:365:6:drawText	16	static
../Core/Src/gfx.c:376:6:setColorC	16	static
../Core/Src/gfx.c:383:6:setbgColorC	16	static
../Core/Src/gfx.c:391:6:setColor	24	static
../Core/Src/gfx.c:395:6:setbgColor	24	static
../Core/Src/gfx.c:406:6:setColor24	24	static
../Core/Src/gfx.c:411:6:setbgColor24	24	static
