../Core/Src/main.c:101:5:main	56	static
../Core/Src/main.c:249:6:SystemClock_Config	120	static
../Core/Src/main.c:299:13:MX_ADC1_Init	32	static
../Core/Src/main.c:365:13:MX_SPI3_Init	8	static
../Core/Src/main.c:405:13:MX_TIM1_Init	40	static
../Core/Src/main.c:452:13:MX_TIM2_Init	64	static
../Core/Src/main.c:511:13:MX_USART1_UART_Init	8	static
../Core/Src/main.c:544:13:MX_DMA_Init	16	static
../Core/Src/main.c:562:13:MX_GPIO_Init	40	static
../Core/Src/main.c:624:6:Error_Handler	4	static,ignoring_inline_asm
