../Core/Src/st7735s_compat.c:21:6:hspi_init	16	static
../Core/Src/st7735s_compat.c:25:6:SPI_Init	4	static
../Core/Src/st7735s_compat.c:29:6:Pin_CS_Low	8	static
../Core/Src/st7735s_compat.c:33:6:Pin_CS_High	8	static
../Core/Src/st7735s_compat.c:37:6:Pin_RES_High	8	static
../Core/Src/st7735s_compat.c:41:6:Pin_RES_Low	8	static
../Core/Src/st7735s_compat.c:45:6:Pin_DC_High	8	static
../Core/Src/st7735s_compat.c:49:6:Pin_DC_Low	8	static
../Core/Src/st7735s_compat.c:54:6:Pin_BLK_Pct	16	static
../Core/Src/st7735s_compat.c:60:6:SPI_send	16	static
../Core/Src/st7735s_compat.c:73:6:SPI_TransmitCmd	16	static
../Core/Src/st7735s_compat.c:78:6:SPI_TransmitData	16	static
../Core/Src/st7735s_compat.c:83:6:SPI_Transmit	16	static
../Core/Src/st7735s_compat.c:89:6:_Delay	16	static
