../Core/Src/st7735s.c:126:6:initCommands	16	static
../Core/Src/st7735s.c:138:6:ST7735S_sleepIn	16	static
../Core/Src/st7735s.c:147:6:ST7735S_sleepOut	16	static
../Core/Src/st7735s.c:153:6:setOrientation	24	static
../Core/Src/st7735s.c:182:6:resetWindow	4	static
../Core/Src/st7735s.c:186:6:updateWindow	16	static
../Core/Src/st7735s.c:196:6:ST7735S_Init	8	static
../Core/Src/st7735s.c:218:6:ST7735S_flush	40	static
../Core/Src/st7735s.c:276:6:set_hvpixel	16	static
../Core/Src/st7735s.c:325:6:ST7735S_Pixel	16	static
../Core/Src/st7735s.c:331:6:ST7735S_bgPixel	24	static
../Core/Src/st7735s.c:358:6:ST7735S_defineScrollArea	32	static
../Core/Src/st7735s.c:385:6:ST7735S_tearingOn	24	static
../Core/Src/st7735s.c:391:6:ST7735S_tearingOff	16	static
../Core/Src/st7735s.c:397:6:ST7735S_scroll	24	static
../Core/Src/st7735s.c:403:6:ST7735S_normalMode	16	static
../Core/Src/st7735s.c:412:6:ST7735S_partialArea	32	static
../Core/Src/st7735s.c:427:6:Delay	16	static
../Core/Src/st7735s.c:431:6:Backlight_Pct	16	static
