Archive member included to satisfy reference by file (symbol)

C:/ST/STM32CubeIDE_1.19.0/STM32CubeIDE/plugins/com.st.stm32cube.ide.mcu.externaltools.gnu-tools-for-stm32.13.3.rel1.win32_1.0.0.202411081344/tools/bin/../lib/gcc/arm-none-eabi/13.3.1/../../../../arm-none-eabi/lib/thumb/v7e-m+fp/hard\libc_nano.a(libc_a-exit.o)
                              C:/ST/STM32CubeIDE_1.19.0/STM32CubeIDE/plugins/com.st.stm32cube.ide.mcu.externaltools.gnu-tools-for-stm32.13.3.rel1.win32_1.0.0.202411081344/tools/bin/../lib/gcc/arm-none-eabi/13.3.1/../../../../arm-none-eabi/lib/thumb/v7e-m+fp/hard/crt0.o (exit)
C:/ST/STM32CubeIDE_1.19.0/STM32CubeIDE/plugins/com.st.stm32cube.ide.mcu.externaltools.gnu-tools-for-stm32.13.3.rel1.win32_1.0.0.202411081344/tools/bin/../lib/gcc/arm-none-eabi/13.3.1/../../../../arm-none-eabi/lib/thumb/v7e-m+fp/hard\libc_nano.a(libc_a-findfp.o)
                              C:/ST/STM32CubeIDE_1.19.0/STM32CubeIDE/plugins/com.st.stm32cube.ide.mcu.externaltools.gnu-tools-for-stm32.13.3.rel1.win32_1.0.0.202411081344/tools/bin/../lib/gcc/arm-none-eabi/13.3.1/../../../../arm-none-eabi/lib/thumb/v7e-m+fp/hard\libc_nano.a(libc_a-exit.o) (__stdio_exit_handler)
C:/ST/STM32CubeIDE_1.19.0/STM32CubeIDE/plugins/com.st.stm32cube.ide.mcu.externaltools.gnu-tools-for-stm32.13.3.rel1.win32_1.0.0.202411081344/tools/bin/../lib/gcc/arm-none-eabi/13.3.1/../../../../arm-none-eabi/lib/thumb/v7e-m+fp/hard\libc_nano.a(libc_a-fwalk.o)
                              C:/ST/STM32CubeIDE_1.19.0/STM32CubeIDE/plugins/com.st.stm32cube.ide.mcu.externaltools.gnu-tools-for-stm32.13.3.rel1.win32_1.0.0.202411081344/tools/bin/../lib/gcc/arm-none-eabi/13.3.1/../../../../arm-none-eabi/lib/thumb/v7e-m+fp/hard\libc_nano.a(libc_a-findfp.o) (_fwalk_sglue)
C:/ST/STM32CubeIDE_1.19.0/STM32CubeIDE/plugins/com.st.stm32cube.ide.mcu.externaltools.gnu-tools-for-stm32.13.3.rel1.win32_1.0.0.202411081344/tools/bin/../lib/gcc/arm-none-eabi/13.3.1/../../../../arm-none-eabi/lib/thumb/v7e-m+fp/hard\libc_nano.a(libc_a-stdio.o)
                              C:/ST/STM32CubeIDE_1.19.0/STM32CubeIDE/plugins/com.st.stm32cube.ide.mcu.externaltools.gnu-tools-for-stm32.13.3.rel1.win32_1.0.0.202411081344/tools/bin/../lib/gcc/arm-none-eabi/13.3.1/../../../../arm-none-eabi/lib/thumb/v7e-m+fp/hard\libc_nano.a(libc_a-findfp.o) (__sread)
C:/ST/STM32CubeIDE_1.19.0/STM32CubeIDE/plugins/com.st.stm32cube.ide.mcu.externaltools.gnu-tools-for-stm32.13.3.rel1.win32_1.0.0.202411081344/tools/bin/../lib/gcc/arm-none-eabi/13.3.1/../../../../arm-none-eabi/lib/thumb/v7e-m+fp/hard\libc_nano.a(libc_a-memset.o)
                              C:/ST/STM32CubeIDE_1.19.0/STM32CubeIDE/plugins/com.st.stm32cube.ide.mcu.externaltools.gnu-tools-for-stm32.13.3.rel1.win32_1.0.0.202411081344/tools/bin/../lib/gcc/arm-none-eabi/13.3.1/../../../../arm-none-eabi/lib/thumb/v7e-m+fp/hard/crt0.o (memset)
C:/ST/STM32CubeIDE_1.19.0/STM32CubeIDE/plugins/com.st.stm32cube.ide.mcu.externaltools.gnu-tools-for-stm32.13.3.rel1.win32_1.0.0.202411081344/tools/bin/../lib/gcc/arm-none-eabi/13.3.1/../../../../arm-none-eabi/lib/thumb/v7e-m+fp/hard\libc_nano.a(libc_a-closer.o)
                              C:/ST/STM32CubeIDE_1.19.0/STM32CubeIDE/plugins/com.st.stm32cube.ide.mcu.externaltools.gnu-tools-for-stm32.13.3.rel1.win32_1.0.0.202411081344/tools/bin/../lib/gcc/arm-none-eabi/13.3.1/../../../../arm-none-eabi/lib/thumb/v7e-m+fp/hard\libc_nano.a(libc_a-stdio.o) (_close_r)
C:/ST/STM32CubeIDE_1.19.0/STM32CubeIDE/plugins/com.st.stm32cube.ide.mcu.externaltools.gnu-tools-for-stm32.13.3.rel1.win32_1.0.0.202411081344/tools/bin/../lib/gcc/arm-none-eabi/13.3.1/../../../../arm-none-eabi/lib/thumb/v7e-m+fp/hard\libc_nano.a(libc_a-reent.o)
                              C:/ST/STM32CubeIDE_1.19.0/STM32CubeIDE/plugins/com.st.stm32cube.ide.mcu.externaltools.gnu-tools-for-stm32.13.3.rel1.win32_1.0.0.202411081344/tools/bin/../lib/gcc/arm-none-eabi/13.3.1/../../../../arm-none-eabi/lib/thumb/v7e-m+fp/hard\libc_nano.a(libc_a-closer.o) (errno)
C:/ST/STM32CubeIDE_1.19.0/STM32CubeIDE/plugins/com.st.stm32cube.ide.mcu.externaltools.gnu-tools-for-stm32.13.3.rel1.win32_1.0.0.202411081344/tools/bin/../lib/gcc/arm-none-eabi/13.3.1/../../../../arm-none-eabi/lib/thumb/v7e-m+fp/hard\libc_nano.a(libc_a-impure.o)
                              C:/ST/STM32CubeIDE_1.19.0/STM32CubeIDE/plugins/com.st.stm32cube.ide.mcu.externaltools.gnu-tools-for-stm32.13.3.rel1.win32_1.0.0.202411081344/tools/bin/../lib/gcc/arm-none-eabi/13.3.1/../../../../arm-none-eabi/lib/thumb/v7e-m+fp/hard\libc_nano.a(libc_a-reent.o) (_impure_ptr)
C:/ST/STM32CubeIDE_1.19.0/STM32CubeIDE/plugins/com.st.stm32cube.ide.mcu.externaltools.gnu-tools-for-stm32.13.3.rel1.win32_1.0.0.202411081344/tools/bin/../lib/gcc/arm-none-eabi/13.3.1/../../../../arm-none-eabi/lib/thumb/v7e-m+fp/hard\libc_nano.a(libc_a-lseekr.o)
[...]
Memory Configuration

Name             Origin             Length             Attributes
RAM              0x20000000         0x00004000         xrw
FLASH            0x08000000         0x00008000         xr
*default*        0x00000000         0xffffffff

Linker script and memory map

LOAD C:/ST/STM32CubeIDE_1.19.0/STM32CubeIDE/plugins/com.st.stm32cube.ide.mcu.externaltools.gnu-tools-for-stm32.13.3.rel1.win32_1.0.0.202411081344/tools/bin/../lib/gcc/arm-none-eabi/13.3.1/thumb/v7e-m+fp/hard/crti.o
LOAD C:/ST/STM32CubeIDE_1.19.0/STM32CubeIDE/plugins/com.st.stm32cube.ide.mcu.externaltools.gnu-tools-for-stm32.13.3.rel1.win32_1.0.0.202411081344/tools/bin/../lib/gcc/arm-none-eabi/13.3.1/thumb/v7e-m+fp/hard/crtbegin.o
LOAD C:/ST/STM32CubeIDE_1.19.0/STM32CubeIDE/plugins/com.st.stm32cube.ide.mcu.externaltools.gnu-tools-for-stm32.13.3.rel1.win32_1.0.0.202411081344/tools/bin/../lib/gcc/arm-none-eabi/13.3.1/../../../../arm-none-eabi/lib/thumb/v7e-m+fp/hard/crt0.o
LOAD ./Core/Src/fonts.o
LOAD ./Core/Src/gfx.o
LOAD ./Core/Src/main.o
LOAD ./Core/Src/pid.o
LOAD ./Core/Src/st7735s.o
LOAD ./Core/Src/st7735s_compat.o
LOAD ./Core/Src/stm32f3xx_hal_msp.o
LOAD ./Core/Src/stm32f3xx_it.o
LOAD ./Core/Src/syscalls.o
LOAD ./Core/Src/sysmem.o
LOAD ./Core/Src/system_stm32f3xx.o
LOAD ./Core/Startup/startup_stm32f301k6tx.o
LOAD ./Drivers/STM32F3xx_HAL_Driver/Src/stm32f3xx_hal.o
LOAD ./Drivers/STM32F3xx_HAL_Driver/Src/stm32f3xx_hal_adc.o
LOAD ./Drivers/STM32F3xx_HAL_Driver/Src/stm32f3xx_hal_adc_ex.o
LOAD ./Drivers/STM32F3xx_HAL_Driver/Src/stm32f3xx_hal_cortex.o
LOAD ./Drivers/STM32F3xx_HAL_Driver/Src/stm32f3xx_hal_dma.o
LOAD ./Drivers/STM32F3xx_HAL_Driver/Src/stm32f3xx_hal_exti.o
LOAD ./Drivers/STM32F3xx_HAL_Driver/Src/stm32f3xx_hal_flash.o
LOAD ./Drivers/STM32F3xx_HAL_Driver/Src/stm32f3xx_hal_flash_ex.o
LOAD ./Drivers/STM32F3xx_HAL_Driver/Src/stm32f3xx_hal_gpio.o
LOAD ./Drivers/STM32F3xx_HAL_Driver/Src/stm32f3xx_hal_i2c.o
LOAD ./Drivers/STM32F3xx_HAL_Driver/Src/stm32f3xx_hal_i2c_ex.o
LOAD ./Drivers/STM32F3xx_HAL_Driver/Src/stm32f3xx_hal_pwr.o
LOAD ./Drivers/STM32F3xx_HAL_Driver/Src/stm32f3xx_hal_pwr_ex.o
LOAD ./Drivers/STM32F3xx_HAL_Driver/Src/stm32f3xx_hal_rcc.o
LOAD ./Drivers/STM32F3xx_HAL_Driver/Src/stm32f3xx_hal_rcc_ex.o
LOAD ./Drivers/STM32F3xx_HAL_Driver/Src/stm32f3xx_hal_spi.o
LOAD ./Drivers/STM32F3xx_HAL_Driver/Src/stm32f3xx_hal_spi_ex.o
LOAD ./Drivers/STM32F3xx_HAL_Driver/Src/stm32f3xx_hal_tim.o
LOAD ./Drivers/STM32F3xx_HAL_Driver/Src/stm32f3xx_hal_tim_ex.o
LOAD ./Drivers/STM32F3xx_HAL_Driver/Src/stm32f3xx_hal_uart.o
LOAD ./Drivers/STM32F3xx_HAL_Driver/Src/stm32f3xx_hal_uart_ex.o
START GROUP
LOAD C:/ST/STM32CubeIDE_1.19.0/STM32CubeIDE/plugins/com.st.stm32cube.ide.mcu.externaltools.gnu-tools-for-stm32.13.3.rel1.win32_1.0.0.202411081344/tools/bin/../lib/gcc/arm-none-eabi/13.3.1/../../../../arm-none-eabi/lib/thumb/v7e-m+fp/hard\libc_nano.a
LOAD C:/ST/STM32CubeIDE_1.19.0/STM32CubeIDE/plugins/com.st.stm32cube.ide.mcu.externaltools.gnu-tools-for-stm32.13.3.rel1.win32_1.0.0.202411081344/tools/bin/../lib/gcc/arm-none-eabi/13.3.1/../../../../arm-none-eabi/lib/thumb/v7e-m+fp/hard\libm.a
END GROUP
START GROUP
LOAD C:/ST/STM32CubeIDE_1.19.0/STM32CubeIDE/plugins/com.st.stm32cube.ide.mcu.externaltools.gnu-tools-for-stm32.13.3.rel1.win32_1.0.0.202411081344/tools/bin/../lib/gcc/arm-none-eabi/13.3.1/thumb/v7e-m+fp/hard\libgcc.a
LOAD C:/ST/STM32CubeIDE_1.19.0/STM32CubeIDE/plugins/com.st.stm32cube.ide.mcu.externaltools.gnu-tools-for-stm32.13.3.rel1.win32_1.0.0.202411081344/tools/bin/../lib/gcc/arm-none-eabi/13.3.1/../../../../arm-none-eabi/lib/thumb/v7e-m+fp/hard\libc_nano.a
END GROUP
START GROUP
LOAD C:/ST/STM32CubeIDE_1.19.0/STM32CubeIDE/plugins/com.st.stm32cube.ide.mcu.externaltools.gnu-tools-for-stm32.13.3.rel1.win32_1.0.0.202411081344/tools/bin/../lib/gcc/arm-none-eabi/13.3.1/thumb/v7e-m+fp/hard\libgcc.a
LOAD C:/ST/STM32CubeIDE_1.19.0/STM32CubeIDE/plugins/com.st.stm32cube.ide.mcu.externaltools.gnu-tools-for-stm32.13.3.rel1.win32_1.0.0.202411081344/tools/bin/../lib/gcc/arm-none-eabi/13.3.1/../../../../arm-none-eabi/lib/thumb/v7e-m+fp/hard\libc_nano.a
LOAD C:/ST/STM32CubeIDE_1.19.0/STM32CubeIDE/plugins/com.st.stm32cube.ide.mcu.externaltools.gnu-tools-for-stm32.13.3.rel1.win32_1.0.0.202411081344/tools/bin/../lib/gcc/arm-none-eabi/13.3.1/../../../../arm-none-eabi/lib/thumb/v7e-m+fp/hard\libnosys.a
END GROUP
START GROUP
LOAD C:/ST/STM32CubeIDE_1.19.0/STM32CubeIDE/plugins/com.st.stm32cube.ide.mcu.externaltools.gnu-tools-for-stm32.13.3.rel1.win32_1.0.0.202411081344/tools/bin/../lib/gcc/arm-none-eabi/13.3.1/thumb/v7e-m+fp/hard\libgcc.a
LOAD C:/ST/STM32CubeIDE_1.19.0/STM32CubeIDE/plugins/com.st.stm32cube.ide.mcu.externaltools.gnu-tools-for-stm32.13.3.rel1.win32_1.0.0.202411081344/tools/bin/../lib/gcc/arm-none-eabi/13.3.1/../../../../arm-none-eabi/lib/thumb/v7e-m+fp/hard\libc_nano.a
LOAD C:/ST/STM32CubeIDE_1.19.0/STM32CubeIDE/plugins/com.st.stm32cube.ide.mcu.externaltools.gnu-tools-for-stm32.13.3.rel1.win32_1.0.0.202411081344/tools/bin/../lib/gcc/arm-none-eabi/13.3.1/../../../../arm-none-eabi/lib/thumb/v7e-m+fp/hard\libnosys.a
END GROUP
LOAD C:/ST/STM32CubeIDE_1.19.0/STM32CubeIDE/plugins/com.st.stm32cube.ide.mcu.externaltools.gnu-tools-for-stm32.13.3.rel1.win32_1.0.0.202411081344/tools/bin/../lib/gcc/arm-none-eabi/13.3.1/thumb/v7e-m+fp/hard/crtend.o
LOAD C:/ST/STM32CubeIDE_1.19.0/STM32CubeIDE/plugins/com.st.stm32cube.ide.mcu.externaltools.gnu-tools-for-stm32.13.3.rel1.win32_1.0.0.202411081344/tools/bin/../lib/gcc/arm-none-eabi/13.3.1/thumb/v7e-m+fp/hard/crtn.o
                0x20004000                        _estack = (ORIGIN (RAM) + LENGTH (RAM))
                0x00000200                        _Min_Heap_Size = 0x200
                0x00000400                        _Min_Stack_Size = 0x400

.isr_vector     0x08000000      0x188
                0x08000000                        . = ALIGN (0x4)
 *(.isr_vector)
 .isr_vector    0x08000000      0x188 ./Core/Startup/startup_stm32f301k6tx.o
                0x08000000                g_pfnVectors
                0x08000188                        . = ALIGN (0x4)

.text           0x08000188     0x6874
                0x08000188                        . = ALIGN (0x4)
 *(.text)
 .text          0x08000188       0x40 C:/ST/STM32CubeIDE_1.19.0/STM32CubeIDE/plugins/com.st.stm32cube.ide.mcu.externaltools.gnu-tools-for-stm32.13.3.rel1.win32_1.0.0.202411081344/tools/bin/../lib/gcc/arm-none-eabi/13.3.1/thumb/v7e-m+fp/hard/crtbegin.o
 *(.text*)
 .text.flushBuffer
                0x080001c8        0xc ./Core/Src/gfx.o
                0x080001c8                flushBuffer
 .text._LineLow
                0x080001d4       0xb4 ./Core/Src/gfx.o
                0x080001d4                _LineLow
 .text._LineHigh
                0x08000288       0xb4 ./Core/Src/gfx.o
                0x08000288                _LineHigh
 .text.drawLine
                0x0800033c       0x96 ./Core/Src/gfx.o
                0x0800033c                drawLine
 .text.filledRect
                0x080003d2      0x10e ./Core/Src/gfx.o
                0x080003d2                filledRect
 .text.fillScreen
                0x080004e0       0x24 ./Core/Src/gfx.o
                0x080004e0                fillScreen
 .text.setFont  0x08000504       0x54 ./Core/Src/gfx.o
                0x08000504                setFont
 .text._lookupGlyph
                0x08000558       0xf8 ./Core/Src/gfx.o
                0x08000558                _lookupGlyph
 .text.drawGlyph
                0x08000650       0xd4 ./Core/Src/gfx.o
                0x08000650                drawGlyph
 .text.drawText
                0x08000724       0x4c ./Core/Src/gfx.o
                0x08000724                drawText
 .text.setColorC
                0x08000770       0x24 ./Core/Src/gfx.o
                0x08000770                setColorC
 .text.setbgColorC
                0x08000794       0x24 ./Core/Src/gfx.o
                0x08000794                setbgColorC
 .text.setColor
                0x080007b8       0x50 ./Core/Src/gfx.o
                0x080007b8                setColor
 .text.setbgColor
                0x08000808       0x50 ./Core/Src/gfx.o
                0x08000808                setbgColor
 .text.main     0x08000858      0x1c8 ./Core/Src/main.o
                0x08000858                main
 .text.SystemClock_Config
                0x08000a20       0xb8 ./Core/Src/main.o
                0x08000a20                SystemClock_Config
 .text.MX_ADC1_Init
                0x08000ad8       0xd8 ./Core/Src/main.o
 .text.MX_SPI3_Init
                0x08000bb0       0x7c ./Core/Src/main.o
 .text.MX_TIM1_Init
                0x08000c2c       0xa8 ./Core/Src/main.o
 .text.MX_TIM2_Init
                0x08000cd4       0xec ./Core/Src/main.o
 .text.MX_USART1_UART_Init
                0x08000dc0       0x60 ./Core/Src/main.o
 .text.MX_DMA_Init
                0x08000e20       0x3c ./Core/Src/main.o
 .text.MX_GPIO_Init
                0x08000e5c      0x108 ./Core/Src/main.o
 .text.Error_Handler
                0x08000f64        0xc ./Core/Src/main.o
                0x08000f64                Error_Handler
 .text.pid_begin
                0x08000f70       0x62 ./Core/Src/pid.o
                0x08000f70                pid_begin
 .text.pid_parallel_t
                0x08000fd2      0x12c ./Core/Src/pid.o
                0x08000fd2                pid_parallel_t
 *fill*         0x080010fe        0x2 
 .text.initCommands
                0x08001100       0x4c ./Core/Src/st7735s.o
                0x08001100                initCommands
 .text.ST7735S_sleepOut
                0x0800114c       0x2c ./Core/Src/st7735s.o
                0x0800114c                ST7735S_sleepOut
 .text.setOrientation
                0x08001178       0xdc ./Core/Src/st7735s.o
                0x08001178                setOrientation
 .text.resetWindow
                0x08001254       0x4c ./Core/Src/st7735s.o
                0x08001254                resetWindow
 .text.updateWindow
                0x080012a0       0x88 ./Core/Src/st7735s.o
                0x080012a0                updateWindow
 .text.ST7735S_Init
                0x08001328       0x40 ./Core/Src/st7735s.o
                0x08001328                ST7735S_Init
 .text.ST7735S_flush
                0x08001368      0x14c ./Core/Src/st7735s.o
                0x08001368                ST7735S_flush
 .text.set_hvpixel
                0x080014b4      0x1cc ./Core/Src/st7735s.o
                0x080014b4                set_hvpixel
 .text.ST7735S_Pixel
                0x08001680       0x40 ./Core/Src/st7735s.o
                0x08001680                ST7735S_Pixel
 .text.ST7735S_bgPixel
                0x080016c0       0x5c ./Core/Src/st7735s.o
                0x080016c0                ST7735S_bgPixel
 .text.ST7735S_normalMode
                0x0800171c       0x34 ./Core/Src/st7735s.o
                0x0800171c                ST7735S_normalMode
 .text.Delay    0x08001750       0x16 ./Core/Src/st7735s.o
                0x08001750                Delay
 *fill*         0x08001766        0x2 
 .text.hspi_init
                0x08001768       0x20 ./Core/Src/st7735s_compat.o
                0x08001768                hspi_init
 .text.SPI_Init
                0x08001788        0xe ./Core/Src/st7735s_compat.o
                0x08001788                SPI_Init
 .text.Pin_CS_Low
                0x08001796       0x16 ./Core/Src/st7735s_compat.o
                0x08001796                Pin_CS_Low
 .text.Pin_CS_High
                0x080017ac       0x16 ./Core/Src/st7735s_compat.o
                0x080017ac                Pin_CS_High
 *fill*         0x080017c2        0x2 
 .text.Pin_RES_High
                0x080017c4       0x18 ./Core/Src/st7735s_compat.o
                0x080017c4                Pin_RES_High
 .text.Pin_RES_Low
                0x080017dc       0x18 ./Core/Src/st7735s_compat.o
                0x080017dc                Pin_RES_Low
 .text.Pin_DC_High
                0x080017f4       0x18 ./Core/Src/st7735s_compat.o
                0x080017f4                Pin_DC_High
 .text.Pin_DC_Low
                0x0800180c       0x18 ./Core/Src/st7735s_compat.o
                0x0800180c                Pin_DC_Low
 .text.Pin_BLK_Pct
                0x08001824       0x44 ./Core/Src/st7735s_compat.o
                0x08001824                Pin_BLK_Pct
 .text.SPI_send
                0x08001868       0x30 ./Core/Src/st7735s_compat.o
                0x08001868                SPI_send
 .text.SPI_TransmitCmd
                0x08001898       0x22 ./Core/Src/st7735s_compat.o
                0x08001898                SPI_TransmitCmd
 .text.SPI_TransmitData
                0x080018ba       0x22 ./Core/Src/st7735s_compat.o
                0x080018ba                SPI_TransmitData
 .text.SPI_Transmit
                0x080018dc       0x38 ./Core/Src/st7735s_compat.o
                0x080018dc                SPI_Transmit
 .text._Delay   0x08001914       0x16 ./Core/Src/st7735s_compat.o
                0x08001914                _Delay
 *fill*         0x0800192a        0x2 
 .text.HAL_MspInit
                0x0800192c       0x48 ./Core/Src/stm32f3xx_hal_msp.o
                0x0800192c                HAL_MspInit
 .text.HAL_ADC_MspInit
                0x08001974       0xd0 ./Core/Src/stm32f3xx_hal_msp.o
                0x08001974                HAL_ADC_MspInit
 .text.HAL_SPI_MspInit
                0x08001a44       0x88 ./Core/Src/stm32f3xx_hal_msp.o
                0x08001a44                HAL_SPI_MspInit
 .text.HAL_TIM_Base_MspInit
                0x08001acc       0x64 ./Core/Src/stm32f3xx_hal_msp.o
                0x08001acc                HAL_TIM_Base_MspInit
 .text.HAL_TIM_MspPostInit
                0x08001b30       0x68 ./Core/Src/stm32f3xx_hal_msp.o
                0x08001b30                HAL_TIM_MspPostInit
 .text.HAL_UART_MspInit
                0x08001b98       0x88 ./Core/Src/stm32f3xx_hal_msp.o
                0x08001b98                HAL_UART_MspInit
 .text.NMI_Handler
                0x08001c20        0x8 ./Core/Src/stm32f3xx_it.o
                0x08001c20                NMI_Handler
 .text.HardFault_Handler
                0x08001c28        0x8 ./Core/Src/stm32f3xx_it.o
                0x08001c28                HardFault_Handler
 .text.MemManage_Handler
                0x08001c30        0x8 ./Core/Src/stm32f3xx_it.o
                0x08001c30                MemManage_Handler
 .text.BusFault_Handler
                0x08001c38        0x8 ./Core/Src/stm32f3xx_it.o
                0x08001c38                BusFault_Handler
 .text.UsageFault_Handler
                0x08001c40        0x8 ./Core/Src/stm32f3xx_it.o
                0x08001c40                UsageFault_Handler
 .text.SVC_Handler
                0x08001c48        0xe ./Core/Src/stm32f3xx_it.o
                0x08001c48                SVC_Handler
 .text.DebugMon_Handler
                0x08001c56        0xe ./Core/Src/stm32f3xx_it.o
                0x08001c56                DebugMon_Handler
 .text.PendSV_Handler
                0x08001c64        0xe ./Core/Src/stm32f3xx_it.o
                0x08001c64                PendSV_Handler
 .text.SysTick_Handler
                0x08001c72        0xc ./Core/Src/stm32f3xx_it.o
                0x08001c72                SysTick_Handler
 *fill*         0x08001c7e        0x2 
 .text.DMA1_Channel1_IRQHandler
                0x08001c80       0x14 ./Core/Src/stm32f3xx_it.o
                0x08001c80                DMA1_Channel1_IRQHandler
 .text.SystemInit
                0x08001c94       0x24 ./Core/Src/system_stm32f3xx.o
                0x08001c94                SystemInit
 .text.Reset_Handler
                0x08001cb8       0x50 ./Core/Startup/startup_stm32f301k6tx.o
                0x08001cb8                Reset_Handler
 .text.Default_Handler
                0x08001d08        0x2 ./Core/Startup/startup_stm32f301k6tx.o
                0x08001d08                RTC_Alarm_IRQHandler
                0x08001d08                TIM1_CC_IRQHandler
                0x08001d08                PVD_IRQHandler
                0x08001d08                TAMP_STAMP_IRQHandler
                0x08001d08                EXTI3_IRQHandler
                0x08001d08                I2C3_ER_IRQHandler
                0x08001d08                EXTI0_IRQHandler
                0x08001d08                I2C2_EV_IRQHandler
                0x08001d08                FPU_IRQHandler
                0x08001d08                TIM1_UP_TIM16_IRQHandler
                0x08001d08                TIM6_DAC_IRQHandler
                0x08001d08                DMA1_Channel4_IRQHandler
                0x08001d08                ADC1_IRQHandler
                0x08001d08                USART3_IRQHandler
                0x08001d08                DMA1_Channel7_IRQHandler
                0x08001d08                I2C1_EV_IRQHandler
                0x08001d08                DMA1_Channel6_IRQHandler
                0x08001d08                RCC_IRQHandler
                0x08001d08                Default_Handler
                0x08001d08                EXTI15_10_IRQHandler
                0x08001d08                COMP2_IRQHandler
                0x08001d08                I2C3_EV_IRQHandler
                0x08001d08                EXTI9_5_IRQHandler
                0x08001d08                RTC_WKUP_IRQHandler
                0x08001d08                SPI2_IRQHandler
                0x08001d08                DMA1_Channel5_IRQHandler
                0x08001d08                EXTI4_IRQHandler
                0x08001d08                TIM1_TRG_COM_TIM17_IRQHandler
                0x08001d08                DMA1_Channel3_IRQHandler
                0x08001d08                WWDG_IRQHandler
                0x08001d08                TIM2_IRQHandler
                0x08001d08                EXTI1_IRQHandler
                0x08001d08                COMP4_6_IRQHandler
                0x08001d08                USART2_IRQHandler
                0x08001d08                I2C2_ER_IRQHandler
                0x08001d08                DMA1_Channel2_IRQHandler
                0x08001d08                FLASH_IRQHandler
                0x08001d08                USART1_IRQHandler
                0x08001d08                SPI3_IRQHandler
                0x08001d08                I2C1_ER_IRQHandler
                0x08001d08                EXTI2_TSC_IRQHandler
                0x08001d08                TIM1_BRK_TIM15_IRQHandler
 *fill*         0x08001d0a        0x2 
 .text.HAL_Init
                0x08001d0c       0x2c ./Drivers/STM32F3xx_HAL_Driver/Src/stm32f3xx_hal.o
                0x08001d0c                HAL_Init
 .text.HAL_InitTick
                0x08001d38       0x60 ./Drivers/STM32F3xx_HAL_Driver/Src/stm32f3xx_hal.o
                0x08001d38                HAL_InitTick
 .text.HAL_IncTick
                0x08001d98       0x28 ./Drivers/STM32F3xx_HAL_Driver/Src/stm32f3xx_hal.o
                0x08001d98                HAL_IncTick
 .text.HAL_GetTick
                0x08001dc0       0x18 ./Drivers/STM32F3xx_HAL_Driver/Src/stm32f3xx_hal.o
                0x08001dc0                HAL_GetTick
 .text.HAL_Delay
                0x08001dd8       0x48 ./Drivers/STM32F3xx_HAL_Driver/Src/stm32f3xx_hal.o
                0x08001dd8                HAL_Delay
 .text.HAL_ADC_ConvCpltCallback
                0x08001e20       0x14 ./Drivers/STM32F3xx_HAL_Driver/Src/stm32f3xx_hal_adc.o
                0x08001e20                HAL_ADC_ConvCpltCallback
 .text.HAL_ADC_ConvHalfCpltCallback
                0x08001e34       0x14 ./Drivers/STM32F3xx_HAL_Driver/Src/stm32f3xx_hal_adc.o
                0x08001e34                HAL_ADC_ConvHalfCpltCallback
 .text.HAL_ADC_ErrorCallback
                0x08001e48       0x14 ./Drivers/STM32F3xx_HAL_Driver/Src/stm32f3xx_hal_adc.o
                0x08001e48                HAL_ADC_ErrorCallback
 .text.HAL_ADC_Init
                0x08001e5c      0x30c ./Drivers/STM32F3xx_HAL_Driver/Src/stm32f3xx_hal_adc_ex.o
                0x08001e5c                HAL_ADC_Init
 .text.HAL_ADC_Start_DMA
                0x08002168      0x138 ./Drivers/STM32F3xx_HAL_Driver/Src/stm32f3xx_hal_adc_ex.o
                0x08002168                HAL_ADC_Start_DMA
 .text.HAL_ADCEx_Calibration_Start
                0x080022a0       0xe4 ./Drivers/STM32F3xx_HAL_Driver/Src/stm32f3xx_hal_adc_ex.o
                0x080022a0                HAL_ADCEx_Calibration_Start
 .text.HAL_ADC_ConfigChannel
                0x08002384      0x564 ./Drivers/STM32F3xx_HAL_Driver/Src/stm32f3xx_hal_adc_ex.o
                0x08002384                HAL_ADC_ConfigChannel
 .text.ADC_DMAConvCplt
                0x080028e8       0x7a ./Drivers/STM32F3xx_HAL_Driver/Src/stm32f3xx_hal_adc_ex.o
 .text.ADC_DMAHalfConvCplt
                0x08002962       0x1c ./Drivers/STM32F3xx_HAL_Driver/Src/stm32f3xx_hal_adc_ex.o
 .text.ADC_DMAError
                0x0800297e       0x34 ./Drivers/STM32F3xx_HAL_Driver/Src/stm32f3xx_hal_adc_ex.o
 *fill*         0x080029b2        0x2 
 .text.ADC_Enable
                0x080029b4       0xc8 ./Drivers/STM32F3xx_HAL_Driver/Src/stm32f3xx_hal_adc_ex.o
 .text.ADC_Disable
                0x08002a7c       0xcc ./Drivers/STM32F3xx_HAL_Driver/Src/stm32f3xx_hal_adc_ex.o
 .text.__NVIC_SetPriorityGrouping
                0x08002b48       0x48 ./Drivers/STM32F3xx_HAL_Driver/Src/stm32f3xx_hal_cortex.o
 .text.__NVIC_GetPriorityGrouping
                0x08002b90       0x1c ./Drivers/STM32F3xx_HAL_Driver/Src/stm32f3xx_hal_cortex.o
 .text.__NVIC_EnableIRQ
                0x08002bac       0x3c ./Drivers/STM32F3xx_HAL_Driver/Src/stm32f3xx_hal_cortex.o
 .text.__NVIC_SetPriority
                0x08002be8       0x54 ./Drivers/STM32F3xx_HAL_Driver/Src/stm32f3xx_hal_cortex.o
 .text.NVIC_EncodePriority
                0x08002c3c       0x66 ./Drivers/STM32F3xx_HAL_Driver/Src/stm32f3xx_hal_cortex.o
 *fill*         0x08002ca2        0x2 
 .text.SysTick_Config
                0x08002ca4       0x44 ./Drivers/STM32F3xx_HAL_Driver/Src/stm32f3xx_hal_cortex.o
 .text.HAL_NVIC_SetPriorityGrouping
                0x08002ce8       0x16 ./Drivers/STM32F3xx_HAL_Driver/Src/stm32f3xx_hal_cortex.o
                0x08002ce8                HAL_NVIC_SetPriorityGrouping
 .text.HAL_NVIC_SetPriority
                0x08002cfe       0x38 ./Drivers/STM32F3xx_HAL_Driver/Src/stm32f3xx_hal_cortex.o
                0x08002cfe                HAL_NVIC_SetPriority
 .text.HAL_NVIC_EnableIRQ
                0x08002d36       0x1c ./Drivers/STM32F3xx_HAL_Driver/Src/stm32f3xx_hal_cortex.o
                0x08002d36                HAL_NVIC_EnableIRQ
 .text.HAL_SYSTICK_Config
                0x08002d52       0x18 ./Drivers/STM32F3xx_HAL_Driver/Src/stm32f3xx_hal_cortex.o
                0x08002d52                HAL_SYSTICK_Config
 .text.HAL_DMA_Init
                0x08002d6a       0x8e ./Drivers/STM32F3xx_HAL_Driver/Src/stm32f3xx_hal_dma.o
                0x08002d6a                HAL_DMA_Init
 .text.HAL_DMA_Start_IT
                0x08002df8       0xbe ./Drivers/STM32F3xx_HAL_Driver/Src/stm32f3xx_hal_dma.o
                0x08002df8                HAL_DMA_Start_IT
 .text.HAL_DMA_IRQHandler
                0x08002eb6      0x146 ./Drivers/STM32F3xx_HAL_Driver/Src/stm32f3xx_hal_dma.o
                0x08002eb6                HAL_DMA_IRQHandler
 .text.DMA_SetConfig
                0x08002ffc       0x5c ./Drivers/STM32F3xx_HAL_Driver/Src/stm32f3xx_hal_dma.o
 .text.DMA_CalcBaseAndBitshift
                0x08003058       0x40 ./Drivers/STM32F3xx_HAL_Driver/Src/stm32f3xx_hal_dma.o
 .text.HAL_GPIO_Init
                0x08003098      0x2e4 ./Drivers/STM32F3xx_HAL_Driver/Src/stm32f3xx_hal_gpio.o
                0x08003098                HAL_GPIO_Init
 .text.HAL_GPIO_WritePin
                0x0800337c       0x30 ./Drivers/STM32F3xx_HAL_Driver/Src/stm32f3xx_hal_gpio.o
                0x0800337c                HAL_GPIO_WritePin
 .text.HAL_GPIO_TogglePin
                0x080033ac       0x34 ./Drivers/STM32F3xx_HAL_Driver/Src/stm32f3xx_hal_gpio.o
                0x080033ac                HAL_GPIO_TogglePin
 .text.HAL_RCC_OscConfig
                0x080033e0     0x101c ./Drivers/STM32F3xx_HAL_Driver/Src/stm32f3xx_hal_rcc.o
                0x080033e0                HAL_RCC_OscConfig
 .text.HAL_RCC_ClockConfig
                0x080043fc      0x2dc ./Drivers/STM32F3xx_HAL_Driver/Src/stm32f3xx_hal_rcc.o
                0x080043fc                HAL_RCC_ClockConfig
 .text.HAL_RCC_GetSysClockFreq
                0x080046d8       0xa8 ./Drivers/STM32F3xx_HAL_Driver/Src/stm32f3xx_hal_rcc.o
                0x080046d8                HAL_RCC_GetSysClockFreq
 .text.HAL_RCC_GetHCLKFreq
                0x08004780       0x18 ./Drivers/STM32F3xx_HAL_Driver/Src/stm32f3xx_hal_rcc.o
                0x08004780                HAL_RCC_GetHCLKFreq
 .text.HAL_RCC_GetPCLK1Freq
                0x08004798       0x44 ./Drivers/STM32F3xx_HAL_Driver/Src/stm32f3xx_hal_rcc.o
                0x08004798                HAL_RCC_GetPCLK1Freq
 .text.HAL_RCC_GetPCLK2Freq
                0x080047dc       0x44 ./Drivers/STM32F3xx_HAL_Driver/Src/stm32f3xx_hal_rcc.o
                0x080047dc                HAL_RCC_GetPCLK2Freq
 .text.HAL_RCCEx_PeriphCLKConfig
                0x08004820      0x304 ./Drivers/STM32F3xx_HAL_Driver/Src/stm32f3xx_hal_rcc_ex.o
                0x08004820                HAL_RCCEx_PeriphCLKConfig
 .text.HAL_SPI_Init
                0x08004b24      0x156 ./Drivers/STM32F3xx_HAL_Driver/Src/stm32f3xx_hal_spi.o
                0x08004b24                HAL_SPI_Init
 .text.HAL_SPI_Transmit
                0x08004c7a      0x2ea ./Drivers/STM32F3xx_HAL_Driver/Src/stm32f3xx_hal_spi.o
                0x08004c7a                HAL_SPI_Transmit
 .text.SPI_WaitFlagStateUntilTimeout
                0x08004f64      0x110 ./Drivers/STM32F3xx_HAL_Driver/Src/stm32f3xx_hal_spi.o
 .text.SPI_WaitFifoStateUntilTimeout
                0x08005074      0x12c ./Drivers/STM32F3xx_HAL_Driver/Src/stm32f3xx_hal_spi.o
 .text.SPI_EndRxTxTransaction
                0x080051a0       0x8c ./Drivers/STM32F3xx_HAL_Driver/Src/stm32f3xx_hal_spi.o
 .text.HAL_TIM_Base_Init
                0x0800522c       0xae ./Drivers/STM32F3xx_HAL_Driver/Src/stm32f3xx_hal_tim.o
                0x0800522c                HAL_TIM_Base_Init
 *fill*         0x080052da        0x2 
 .text.HAL_TIM_Base_Start
                0x080052dc       0x98 ./Drivers/STM32F3xx_HAL_Driver/Src/stm32f3xx_hal_tim.o
                0x080052dc                HAL_TIM_Base_Start
 .text.HAL_TIM_PWM_Init
                0x08005374       0xae ./Drivers/STM32F3xx_HAL_Driver/Src/stm32f3xx_hal_tim.o
                0x08005374                HAL_TIM_PWM_Init
 .text.HAL_TIM_PWM_MspInit
                0x08005422       0x14 ./Drivers/STM32F3xx_HAL_Driver/Src/stm32f3xx_hal_tim.o
                0x08005422                HAL_TIM_PWM_MspInit
 *fill*         0x08005436        0x2 
 .text.HAL_TIM_PWM_Start
                0x08005438      0x1cc ./Drivers/STM32F3xx_HAL_Driver/Src/stm32f3xx_hal_tim.o
                0x08005438                HAL_TIM_PWM_Start
 .text.HAL_TIM_PWM_ConfigChannel
                0x08005604      0x228 ./Drivers/STM32F3xx_HAL_Driver/Src/stm32f3xx_hal_tim.o
                0x08005604                HAL_TIM_PWM_ConfigChannel
 .text.HAL_TIM_ConfigClockSource
                0x0800582c      0x192 ./Drivers/STM32F3xx_HAL_Driver/Src/stm32f3xx_hal_tim.o
                0x0800582c                HAL_TIM_ConfigClockSource
 *fill*         0x080059be        0x2 
 .text.TIM_Base_SetConfig
                0x080059c0       0xf4 ./Drivers/STM32F3xx_HAL_Driver/Src/stm32f3xx_hal_tim.o
                0x080059c0                TIM_Base_SetConfig
 .text.TIM_OC1_SetConfig
                0x08005ab4      0x10c ./Drivers/STM32F3xx_HAL_Driver/Src/stm32f3xx_hal_tim.o
 .text.TIM_OC2_SetConfig
                0x08005bc0      0x100 ./Drivers/STM32F3xx_HAL_Driver/Src/stm32f3xx_hal_tim.o
                0x08005bc0                TIM_OC2_SetConfig
 .text.TIM_OC3_SetConfig
                0x08005cc0       0xfc ./Drivers/STM32F3xx_HAL_Driver/Src/stm32f3xx_hal_tim.o
 .text.TIM_OC4_SetConfig
                0x08005dbc       0xc8 ./Drivers/STM32F3xx_HAL_Driver/Src/stm32f3xx_hal_tim.o
 .text.TIM_OC5_SetConfig
                0x08005e84       0xbc ./Drivers/STM32F3xx_HAL_Driver/Src/stm32f3xx_hal_tim.o
 .text.TIM_OC6_SetConfig
                0x08005f40       0xc0 ./Drivers/STM32F3xx_HAL_Driver/Src/stm32f3xx_hal_tim.o
 .text.TIM_TI1_ConfigInputStage
                0x08006000       0x5e ./Drivers/STM32F3xx_HAL_Driver/Src/stm32f3xx_hal_tim.o
 .text.TIM_TI2_ConfigInputStage
                0x0800605e       0x60 ./Drivers/STM32F3xx_HAL_Driver/Src/stm32f3xx_hal_tim.o
 .text.TIM_ITRx_SetConfig
                0x080060be       0x36 ./Drivers/STM32F3xx_HAL_Driver/Src/stm32f3xx_hal_tim.o
 .text.TIM_ETR_SetConfig
                0x080060f4       0x40 ./Drivers/STM32F3xx_HAL_Driver/Src/stm32f3xx_hal_tim.o
                0x080060f4                TIM_ETR_SetConfig
 .text.TIM_CCxChannelCmd
                0x08006134       0x4a ./Drivers/STM32F3xx_HAL_Driver/Src/stm32f3xx_hal_tim.o
                0x08006134                TIM_CCxChannelCmd
 *fill*         0x0800617e        0x2 
 .text.HAL_TIMEx_MasterConfigSynchronization
                0x08006180       0xcc ./Drivers/STM32F3xx_HAL_Driver/Src/stm32f3xx_hal_tim_ex.o
                0x08006180                HAL_TIMEx_MasterConfigSynchronization
 .text.HAL_UART_Init
                0x0800624c       0x9c ./Drivers/STM32F3xx_HAL_Driver/Src/stm32f3xx_hal_uart.o
                0x0800624c                HAL_UART_Init
 .text.UART_SetConfig
                0x080062e8      0x26c ./Drivers/STM32F3xx_HAL_Driver/Src/stm32f3xx_hal_uart.o
                0x080062e8                UART_SetConfig
 .text.UART_AdvFeatureConfig
                0x08006554      0x144 ./Drivers/STM32F3xx_HAL_Driver/Src/stm32f3xx_hal_uart.o
                0x08006554                UART_AdvFeatureConfig
 .text.UART_CheckIdleState
                0x08006698      0x150 ./Drivers/STM32F3xx_HAL_Driver/Src/stm32f3xx_hal_uart.o
                0x08006698                UART_CheckIdleState
 .text.UART_WaitOnFlagUntilTimeout
                0x080067e8       0xda ./Drivers/STM32F3xx_HAL_Driver/Src/stm32f3xx_hal_uart.o
                0x080067e8                UART_WaitOnFlagUntilTimeout
 .text.UART_EndRxTransfer
                0x080068c2       0xc8 ./Drivers/STM32F3xx_HAL_Driver/Src/stm32f3xx_hal_uart.o
 .text.memset   0x0800698a       0x10 C:/ST/STM32CubeIDE_1.19.0/STM32CubeIDE/plugins/com.st.stm32cube.ide.mcu.externaltools.gnu-tools-for-stm32.13.3.rel1.win32_1.0.0.202411081344/tools/bin/../lib/gcc/arm-none-eabi/13.3.1/../../../../arm-none-eabi/lib/thumb/v7e-m+fp/hard\libc_nano.a(libc_a-memset.o)
                0x0800698a                memset
 *fill*         0x0800699a        0x2 
 .text.__libc_init_array
                0x0800699c       0x48 C:/ST/STM32CubeIDE_1.19.0/STM32CubeIDE/plugins/com.st.stm32cube.ide.mcu.externaltools.gnu-tools-for-stm32.13.3.rel1.win32_1.0.0.202411081344/tools/bin/../lib/gcc/arm-none-eabi/13.3.1/../../../../arm-none-eabi/lib/thumb/v7e-m+fp/hard\libc_nano.a(libc_a-init.o)
                0x0800699c                __libc_init_array
 *(.glue_7)
 .glue_7        0x080069e4        0x0 linker stubs
 *(.glue_7t)
 .glue_7t       0x080069e4        0x0 linker stubs
 *(.eh_frame)
 .eh_frame      0x080069e4        0x0 C:/ST/STM32CubeIDE_1.19.0/STM32CubeIDE/plugins/com.st.stm32cube.ide.mcu.externaltools.gnu-tools-for-stm32.13.3.rel1.win32_1.0.0.202411081344/tools/bin/../lib/gcc/arm-none-eabi/13.3.1/thumb/v7e-m+fp/hard/crtbegin.o
 *(.init)
 .init          0x080069e4        0x4 C:/ST/STM32CubeIDE_1.19.0/STM32CubeIDE/plugins/com.st.stm32cube.ide.mcu.externaltools.gnu-tools-for-stm32.13.3.rel1.win32_1.0.0.202411081344/tools/bin/../lib/gcc/arm-none-eabi/13.3.1/thumb/v7e-m+fp/hard/crti.o
                0x080069e4                _init
 .init          0x080069e8        0x8 C:/ST/STM32CubeIDE_1.19.0/STM32CubeIDE/plugins/com.st.stm32cube.ide.mcu.externaltools.gnu-tools-for-stm32.13.3.rel1.win32_1.0.0.202411081344/tools/bin/../lib/gcc/arm-none-eabi/13.3.1/thumb/v7e-m+fp/hard/crtn.o
 *(.fini)
 .fini          0x080069f0        0x4 C:/ST/STM32CubeIDE_1.19.0/STM32CubeIDE/plugins/com.st.stm32cube.ide.mcu.externaltools.gnu-tools-for-stm32.13.3.rel1.win32_1.0.0.202411081344/tools/bin/../lib/gcc/arm-none-eabi/13.3.1/thumb/v7e-m+fp/hard/crti.o
                0x080069f0                _fini
 .fini          0x080069f4        0x8 C:/ST/STM32CubeIDE_1.19.0/STM32CubeIDE/plugins/com.st.stm32cube.ide.mcu.externaltools.gnu-tools-for-stm32.13.3.rel1.win32_1.0.0.202411081344/tools/bin/../lib/gcc/arm-none-eabi/13.3.1/thumb/v7e-m+fp/hard/crtn.o
                0x080069fc                        . = ALIGN (0x4)
                0x080069fc                        _etext = .

.vfp11_veneer   0x080069fc        0x0
 .vfp11_veneer  0x080069fc        0x0 linker stubs

.v4_bx          0x080069fc        0x0
 .v4_bx         0x080069fc        0x0 linker stubs

.iplt           0x080069fc        0x0
 .iplt          0x080069fc        0x0 C:/ST/STM32CubeIDE_1.19.0/STM32CubeIDE/plugins/com.st.stm32cube.ide.mcu.externaltools.gnu-tools-for-stm32.13.3.rel1.win32_1.0.0.202411081344/tools/bin/../lib/gcc/arm-none-eabi/13.3.1/thumb/v7e-m+fp/hard/crtbegin.o

.rodata         0x080069fc       0x4c
                0x080069fc                        . = ALIGN (0x4)
 *(.rodata)
 .rodata        0x080069fc       0x14 ./Core/Src/main.o
 *(.rodata*)
 .rodata.AHBPrescTable
                0x08006a10       0x10 ./Core/Src/system_stm32f3xx.o
                0x08006a10                AHBPrescTable
 .rodata.APBPrescTable
                0x08006a20        0x8 ./Core/Src/system_stm32f3xx.o
                0x08006a20                APBPrescTable
 .rodata.aPLLMULFactorTable
                0x08006a28       0x10 ./Drivers/STM32F3xx_HAL_Driver/Src/stm32f3xx_hal_rcc.o
 .rodata.aPredivFactorTable
                0x08006a38       0x10 ./Drivers/STM32F3xx_HAL_Driver/Src/stm32f3xx_hal_rcc.o
                0x08006a48                        . = ALIGN (0x4)

.ARM.extab      0x08006a48        0x0
                0x08006a48                        . = ALIGN (0x4)
 *(.ARM.extab* .gnu.linkonce.armextab.*)
                0x08006a48                        . = ALIGN (0x4)

.ARM            0x08006a48        0x0
                0x08006a48                        . = ALIGN (0x4)
                0x08006a48                        __exidx_start = .
 *(.ARM.exidx*)
                0x08006a48                        __exidx_end = .
                0x08006a48                        . = ALIGN (0x4)

.preinit_array  0x08006a48        0x0
                0x08006a48                        . = ALIGN (0x4)
                0x08006a48                        PROVIDE (__preinit_array_start = .)
 *(.preinit_array*)
                0x08006a48                        PROVIDE (__preinit_array_end = .)
                0x08006a48                        . = ALIGN (0x4)

.init_array     0x08006a48        0x4
                0x08006a48                        . = ALIGN (0x4)
                0x08006a48                        PROVIDE (__init_array_start = .)
 *(SORT_BY_NAME(.init_array.*))
 *(.init_array*)
 .init_array    0x08006a48        0x4 C:/ST/STM32CubeIDE_1.19.0/STM32CubeIDE/plugins/com.st.stm32cube.ide.mcu.externaltools.gnu-tools-for-stm32.13.3.rel1.win32_1.0.0.202411081344/tools/bin/../lib/gcc/arm-none-eabi/13.3.1/thumb/v7e-m+fp/hard/crtbegin.o
                0x08006a4c                        PROVIDE (__init_array_end = .)
                0x08006a4c                        . = ALIGN (0x4)

.fini_array     0x08006a4c        0x4
                0x08006a4c                        . = ALIGN (0x4)
                [!provide]                        PROVIDE (__fini_array_start = .)
 *(SORT_BY_NAME(.fini_array.*))
 *(.fini_array*)
 .fini_array    0x08006a4c        0x4 C:/ST/STM32CubeIDE_1.19.0/STM32CubeIDE/plugins/com.st.stm32cube.ide.mcu.externaltools.gnu-tools-for-stm32.13.3.rel1.win32_1.0.0.202411081344/tools/bin/../lib/gcc/arm-none-eabi/13.3.1/thumb/v7e-m+fp/hard/crtbegin.o
                [!provide]                        PROVIDE (__fini_array_end = .)
                0x08006a50                        . = ALIGN (0x4)
                0x08006a50                        _sidata = LOADADDR (.data)

.rel.dyn        0x08006a50        0x0
 .rel.iplt      0x08006a50        0x0 C:/ST/STM32CubeIDE_1.19.0/STM32CubeIDE/plugins/com.st.stm32cube.ide.mcu.externaltools.gnu-tools-for-stm32.13.3.rel1.win32_1.0.0.202411081344/tools/bin/../lib/gcc/arm-none-eabi/13.3.1/thumb/v7e-m+fp/hard/crtbegin.o

.data           0x20000000      0x4b0 load address 0x08006a50
                0x20000000                        . = ALIGN (0x4)
                0x20000000                        _sdata = .
 *(.data)
 *(.data*)
 .data.ter_u12n
                0x20000000      0x402 ./Core/Src/fonts.o
                0x20000000                ter_u12n
 *fill*         0x20000402        0x2 
 .data.pispeed  0x20000404       0x14 ./Core/Src/main.o
                0x20000404                pispeed
 .data.hvtype   0x20000418        0x1 ./Core/Src/st7735s.o
                0x20000418                hvtype
 *fill*         0x20000419        0x1 
 .data.WIDTH    0x2000041a        0x2 ./Core/Src/st7735s.o
                0x2000041a                WIDTH
 .data.HEIGHT   0x2000041c        0x2 ./Core/Src/st7735s.o
                0x2000041c                HEIGHT
 .data.XSTART   0x2000041e        0x2 ./Core/Src/st7735s.o
                0x2000041e                XSTART
 .data.YSTART   0x20000420        0x2 ./Core/Src/st7735s.o
                0x20000420                YSTART
 *fill*         0x20000422        0x2 
 .data.init_cmd
                0x20000424       0x7c ./Core/Src/st7735s.o
 .data.tim_period
                0x200004a0        0x4 ./Core/Src/st7735s_compat.o
                0x200004a0                tim_period
 .data.SystemCoreClock
                0x200004a4        0x4 ./Core/Src/system_stm32f3xx.o
                0x200004a4                SystemCoreClock
 .data.uwTickPrio
                0x200004a8        0x4 ./Drivers/STM32F3xx_HAL_Driver/Src/stm32f3xx_hal.o
                0x200004a8                uwTickPrio
 .data.uwTickFreq
                0x200004ac        0x1 ./Drivers/STM32F3xx_HAL_Driver/Src/stm32f3xx_hal.o
                0x200004ac                uwTickFreq
 *(.RamFunc)
 *(.RamFunc*)
                0x200004b0                        . = ALIGN (0x4)
 *fill*         0x200004ad        0x3 
                0x200004b0                        _edata = .

.igot.plt       0x200004b0        0x0 load address 0x08006f00
 .igot.plt      0x200004b0        0x0 C:/ST/STM32CubeIDE_1.19.0/STM32CubeIDE/plugins/com.st.stm32cube.ide.mcu.externaltools.gnu-tools-for-stm32.13.3.rel1.win32_1.0.0.202411081344/tools/bin/../lib/gcc/arm-none-eabi/13.3.1/thumb/v7e-m+fp/hard/crtbegin.o
                0x200004b0                        . = ALIGN (0x4)

.bss            0x200004b0      0x3b8 load address 0x08006f00
                0x200004b0                        _sbss = .
                0x200004b0                        __bss_start__ = _sbss
 *(.bss)
 .bss           0x200004b0       0x1c C:/ST/STM32CubeIDE_1.19.0/STM32CubeIDE/plugins/com.st.stm32cube.ide.mcu.externaltools.gnu-tools-for-stm32.13.3.rel1.win32_1.0.0.202411081344/tools/bin/../lib/gcc/arm-none-eabi/13.3.1/thumb/v7e-m+fp/hard/crtbegin.o
 *(.bss*)
 .bss.bg_transparent
                0x200004cc        0x1 ./Core/Src/gfx.o
                0x200004cc                bg_transparent
 *fill*         0x200004cd        0x3 
 .bss.pfont     0x200004d0        0x8 ./Core/Src/gfx.o
                0x200004d0                pfont
 .bss.hadc1     0x200004d8       0x50 ./Core/Src/main.o
                0x200004d8                hadc1
 .bss.hdma_adc1
                0x20000528       0x44 ./Core/Src/main.o
                0x20000528                hdma_adc1
 .bss.hspi3     0x2000056c       0x64 ./Core/Src/main.o
                0x2000056c                hspi3
 .bss.htim1     0x200005d0       0x4c ./Core/Src/main.o
                0x200005d0                htim1
 .bss.htim2     0x2000061c       0x4c ./Core/Src/main.o
                0x2000061c                htim2
 .bss.huart1    0x20000668       0x88 ./Core/Src/main.o
                0x20000668                huart1
 .bss.ADC1_Reading
                0x200006f0        0x8 ./Core/Src/main.o
                0x200006f0                ADC1_Reading
 .bss.m_tim1_set_value
                0x200006f8        0x4 ./Core/Src/main.o
                0x200006f8                m_tim1_set_value
 .bss.t_imem    0x200006fc        0x4 ./Core/Src/main.o
                0x200006fc                t_imem
 .bss.t_previous_measurement
                0x20000700        0x4 ./Core/Src/main.o
                0x20000700                t_previous_measurement
 .bss.t_value   0x20000704        0x1 ./Core/Src/main.o
                0x20000704                t_value
 *fill*         0x20000705        0x3 
 .bss.hvframe   0x20000708      0x140 ./Core/Src/st7735s.o
                0x20000708                hvframe
 .bss.hvcolor1  0x20000848        0x2 ./Core/Src/st7735s.o
                0x20000848                hvcolor1
 .bss.xmin      0x2000084a        0x2 ./Core/Src/st7735s.o
                0x2000084a                xmin
 .bss.xmax      0x2000084c        0x2 ./Core/Src/st7735s.o
                0x2000084c                xmax
 .bss.ymin      0x2000084e        0x2 ./Core/Src/st7735s.o
                0x2000084e                ymin
 .bss.ymax      0x20000850        0x2 ./Core/Src/st7735s.o
                0x20000850                ymax
 .bss.madctl    0x20000852        0x1 ./Core/Src/st7735s.o
                0x20000852                madctl
 *fill*         0x20000853        0x1 
 .bss.color     0x20000854        0x2 ./Core/Src/st7735s.o
                0x20000854                color
 *fill*         0x20000856        0x2 
 .bss.bg_color  0x20000858        0x2 ./Core/Src/st7735s.o
                0x20000858                bg_color
 .bss.backlight_pct
                0x2000085a        0x1 ./Core/Src/st7735s.o
                0x2000085a                backlight_pct
 *fill*         0x2000085b        0x1 
 .bss.tim_pulse
                0x2000085c        0x4 ./Core/Src/st7735s_compat.o
                0x2000085c                tim_pulse
 .bss.hspi      0x20000860        0x4 ./Core/Src/st7735s_compat.o
 .bss.uwTick    0x20000864        0x4 ./Drivers/STM32F3xx_HAL_Driver/Src/stm32f3xx_hal.o
                0x20000864                uwTick
 *(COMMON)
                0x20000868                        . = ALIGN (0x4)
                0x20000868                        _ebss = .
                0x20000868                        __bss_end__ = _ebss

._user_heap_stack
                0x20000868      0x600 load address 0x08006f00
                0x20000868                        . = ALIGN (0x8)
                [!provide]                        PROVIDE (end = .)
                0x20000868                        PROVIDE (_end = .)
                0x20000a68                        . = (. + _Min_Heap_Size)
 *fill*         0x20000868      0x200 
                0x20000e68                        . = (. + _Min_Stack_Size)
 *fill*         0x20000a68      0x400 
                0x20000e68                        . = ALIGN (0x8)

/DISCARD/
 libc.a(*)
 libm.a(*)
 libgcc.a(*)

.ARM.attributes
                0x00000000       0x30
 *(.ARM.attributes)
 .ARM.attributes
                0x00000000       0x22 C:/ST/STM32CubeIDE_1.19.0/STM32CubeIDE/plugins/com.st.stm32cube.ide.mcu.externaltools.gnu-tools-for-stm32.13.3.rel1.win32_1.0.0.202411081344/tools/bin/../lib/gcc/arm-none-eabi/13.3.1/thumb/v7e-m+fp/hard/crti.o
 .ARM.attributes
                0x00000022       0x34 C:/ST/STM32CubeIDE_1.19.0/STM32CubeIDE/plugins/com.st.stm32cube.ide.mcu.externaltools.gnu-tools-for-stm32.13.3.rel1.win32_1.0.0.202411081344/tools/bin/../lib/gcc/arm-none-eabi/13.3.1/thumb/v7e-m+fp/hard/crtbegin.o
 .ARM.attributes
                0x00000056       0x34 ./Core/Src/fonts.o
 .ARM.attributes
                0x0000008a       0x34 ./Core/Src/gfx.o
 .ARM.attributes
                0x000000be       0x34 ./Core/Src/main.o
 .ARM.attributes
                0x000000f2       0x34 ./Core/Src/pid.o
 .ARM.attributes
                0x00000126       0x34 ./Core/Src/st7735s.o
 .ARM.attributes
                0x0000015a       0x34 ./Core/Src/st7735s_compat.o
 .ARM.attributes
                0x0000018e       0x34 ./Core/Src/stm32f3xx_hal_msp.o
 .ARM.attributes
                0x000001c2       0x34 ./Core/Src/stm32f3xx_it.o
 .ARM.attributes
                0x000001f6       0x34 ./Core/Src/system_stm32f3xx.o
 .ARM.attributes
                0x0000022a       0x21 ./Core/Startup/startup_stm32f301k6tx.o
 .ARM.attributes
                0x0000024b       0x34 ./Drivers/STM32F3xx_HAL_Driver/Src/stm32f3xx_hal.o
 .ARM.attributes
                0x0000027f       0x34 ./Drivers/STM32F3xx_HAL_Driver/Src/stm32f3xx_hal_adc.o
 .ARM.attributes
                0x000002b3       0x34 ./Drivers/STM32F3xx_HAL_Driver/Src/stm32f3xx_hal_adc_ex.o
 .ARM.attributes
                0x000002e7       0x34 ./Drivers/STM32F3xx_HAL_Driver/Src/stm32f3xx_hal_cortex.o
 .ARM.attributes
                0x0000031b       0x34 ./Drivers/STM32F3xx_HAL_Driver/Src/stm32f3xx_hal_dma.o
 .ARM.attributes
                0x0000034f       0x34 ./Drivers/STM32F3xx_HAL_Driver/Src/stm32f3xx_hal_gpio.o
 .ARM.attributes
                0x00000383       0x34 ./Drivers/STM32F3xx_HAL_Driver/Src/stm32f3xx_hal_rcc.o
 .ARM.attributes
                0x000003b7       0x34 ./Drivers/STM32F3xx_HAL_Driver/Src/stm32f3xx_hal_rcc_ex.o
 .ARM.attributes
                0x000003eb       0x34 ./Drivers/STM32F3xx_HAL_Driver/Src/stm32f3xx_hal_spi.o
 .ARM.attributes
                0x0000041f       0x34 ./Drivers/STM32F3xx_HAL_Driver/Src/stm32f3xx_hal_tim.o
 .ARM.attributes
                0x00000453       0x34 ./Drivers/STM32F3xx_HAL_Driver/Src/stm32f3xx_hal_tim_ex.o
 .ARM.attributes
                0x00000487       0x34 ./Drivers/STM32F3xx_HAL_Driver/Src/stm32f3xx_hal_uart.o
 .ARM.attributes
                0x000004bb       0x34 C:/ST/STM32CubeIDE_1.19.0/STM32CubeIDE/plugins/com.st.stm32cube.ide.mcu.externaltools.gnu-tools-for-stm32.13.3.rel1.win32_1.0.0.202411081344/tools/bin/../lib/gcc/arm-none-eabi/13.3.1/../../../../arm-none-eabi/lib/thumb/v7e-m+fp/hard\libc_nano.a(libc_a-memset.o)
 .ARM.attributes
                0x000004ef       0x34 C:/ST/STM32CubeIDE_1.19.0/STM32CubeIDE/plugins/com.st.stm32cube.ide.mcu.externaltools.gnu-tools-for-stm32.13.3.rel1.win32_1.0.0.202411081344/tools/bin/../lib/gcc/arm-none-eabi/13.3.1/../../../../arm-none-eabi/lib/thumb/v7e-m+fp/hard\libc_nano.a(libc_a-init.o)
 .ARM.attributes
                0x00000523       0x22 C:/ST/STM32CubeIDE_1.19.0/STM32CubeIDE/plugins/com.st.stm32cube.ide.mcu.externaltools.gnu-tools-for-stm32.13.3.rel1.win32_1.0.0.202411081344/tools/bin/../lib/gcc/arm-none-eabi/13.3.1/thumb/v7e-m+fp/hard/crtn.o
OUTPUT(STM32F301_HotPlate.elf elf32-littlearm)
LOAD linker stubs
LOAD C:/ST/STM32CubeIDE_1.19.0/STM32CubeIDE/plugins/com.st.stm32cube.ide.mcu.externaltools.gnu-tools-for-stm32.13.3.rel1.win32_1.0.0.202411081344/tools/bin/../lib/gcc/arm-none-eabi/13.3.1/../../../../arm-none-eabi/lib/thumb/v7e-m+fp/hard\libc.a
LOAD C:/ST/STM32CubeIDE_1.19.0/STM32CubeIDE/plugins/com.st.stm32cube.ide.mcu.externaltools.gnu-tools-for-stm32.13.3.rel1.win32_1.0.0.202411081344/tools/bin/../lib/gcc/arm-none-eabi/13.3.1/../../../../arm-none-eabi/lib/thumb/v7e-m+fp/hard\libm.a
LOAD C:/ST/STM32CubeIDE_1.19.0/STM32CubeIDE/plugins/com.st.stm32cube.ide.mcu.externaltools.gnu-tools-for-stm32.13.3.rel1.win32_1.0.0.202411081344/tools/bin/../lib/gcc/arm-none-eabi/13.3.1/thumb/v7e-m+fp/hard\libgcc.a

.debug_info     0x00000000    0x147be
 .debug_info    0x00000000      0x26b ./Core/Src/fonts.o
 .debug_info    0x0000026b      0xbfb ./Core/Src/gfx.o
 .debug_info    0x00000e66     0x1ec5 ./Core/Src/main.o
 .debug_info    0x00002d2b      0x4e8 ./Core/Src/pid.o
 .debug_info    0x00003213      0x959 ./Core/Src/st7735s.o
 .debug_info    0x00003b6c      0x89e ./Core/Src/st7735s_compat.o
 .debug_info    0x0000440a     0x1507 ./Core/Src/stm32f3xx_hal_msp.o
 .debug_info    0x00005911      0x359 ./Core/Src/stm32f3xx_it.o
 .debug_info    0x00005c6a      0x407 ./Core/Src/system_stm32f3xx.o
 .debug_info    0x00006071       0x30 ./Core/Startup/startup_stm32f301k6tx.o
 .debug_info    0x000060a1      0x736 ./Drivers/STM32F3xx_HAL_Driver/Src/stm32f3xx_hal.o
 .debug_info    0x000067d7      0xb32 ./Drivers/STM32F3xx_HAL_Driver/Src/stm32f3xx_hal_adc.o
 .debug_info    0x00007309     0x13a2 ./Drivers/STM32F3xx_HAL_Driver/Src/stm32f3xx_hal_adc_ex.o
 .debug_info    0x000086ab      0xa81 ./Drivers/STM32F3xx_HAL_Driver/Src/stm32f3xx_hal_cortex.o
 .debug_info    0x0000912c      0x6e1 ./Drivers/STM32F3xx_HAL_Driver/Src/stm32f3xx_hal_dma.o
 .debug_info    0x0000980d      0x5fe ./Drivers/STM32F3xx_HAL_Driver/Src/stm32f3xx_hal_gpio.o
 .debug_info    0x00009e0b     0x148a ./Drivers/STM32F3xx_HAL_Driver/Src/stm32f3xx_hal_rcc.o
 .debug_info    0x0000b295      0x582 ./Drivers/STM32F3xx_HAL_Driver/Src/stm32f3xx_hal_rcc_ex.o
 .debug_info    0x0000b817     0x1622 ./Drivers/STM32F3xx_HAL_Driver/Src/stm32f3xx_hal_spi.o
 .debug_info    0x0000ce39     0x2a70 ./Drivers/STM32F3xx_HAL_Driver/Src/stm32f3xx_hal_tim.o
 .debug_info    0x0000f8a9     0x156d ./Drivers/STM32F3xx_HAL_Driver/Src/stm32f3xx_hal_tim_ex.o
 .debug_info    0x00010e16     0x39a8 ./Drivers/STM32F3xx_HAL_Driver/Src/stm32f3xx_hal_uart.o

.debug_abbrev   0x00000000     0x2dff
 .debug_abbrev  0x00000000       0x73 ./Core/Src/fonts.o
 .debug_abbrev  0x00000073      0x327 ./Core/Src/gfx.o
 .debug_abbrev  0x0000039a      0x2ef ./Core/Src/main.o
 .debug_abbrev  0x00000689      0x10a ./Core/Src/pid.o
 .debug_abbrev  0x00000793      0x29d ./Core/Src/st7735s.o
 .debug_abbrev  0x00000a30      0x22d ./Core/Src/st7735s_compat.o
 .debug_abbrev  0x00000c5d      0x274 ./Core/Src/stm32f3xx_hal_msp.o
 .debug_abbrev  0x00000ed1      0x16e ./Core/Src/stm32f3xx_it.o
 .debug_abbrev  0x0000103f      0x11a ./Core/Src/system_stm32f3xx.o
 .debug_abbrev  0x00001159       0x24 ./Core/Startup/startup_stm32f301k6tx.o
 .debug_abbrev  0x0000117d      0x249 ./Drivers/STM32F3xx_HAL_Driver/Src/stm32f3xx_hal.o
 .debug_abbrev  0x000013c6      0x186 ./Drivers/STM32F3xx_HAL_Driver/Src/stm32f3xx_hal_adc.o
 .debug_abbrev  0x0000154c      0x28e ./Drivers/STM32F3xx_HAL_Driver/Src/stm32f3xx_hal_adc_ex.o
 .debug_abbrev  0x000017da      0x2f8 ./Drivers/STM32F3xx_HAL_Driver/Src/stm32f3xx_hal_cortex.o
 .debug_abbrev  0x00001ad2      0x20d ./Drivers/STM32F3xx_HAL_Driver/Src/stm32f3xx_hal_dma.o
 .debug_abbrev  0x00001cdf      0x1ca ./Drivers/STM32F3xx_HAL_Driver/Src/stm32f3xx_hal_gpio.o
 .debug_abbrev  0x00001ea9      0x300 ./Drivers/STM32F3xx_HAL_Driver/Src/stm32f3xx_hal_rcc.o
 .debug_abbrev  0x000021a9      0x221 ./Drivers/STM32F3xx_HAL_Driver/Src/stm32f3xx_hal_rcc_ex.o
 .debug_abbrev  0x000023ca      0x269 ./Drivers/STM32F3xx_HAL_Driver/Src/stm32f3xx_hal_spi.o
 .debug_abbrev  0x00002633      0x278 ./Drivers/STM32F3xx_HAL_Driver/Src/stm32f3xx_hal_tim.o
 .debug_abbrev  0x000028ab      0x283 ./Drivers/STM32F3xx_HAL_Driver/Src/stm32f3xx_hal_tim_ex.o
 .debug_abbrev  0x00002b2e      0x2d1 ./Drivers/STM32F3xx_HAL_Driver/Src/stm32f3xx_hal_uart.o

.debug_aranges  0x00000000     0x1300
 .debug_aranges
                0x00000000       0x18 ./Core/Src/fonts.o
 .debug_aranges
                0x00000018       0xf8 ./Core/Src/gfx.o
 .debug_aranges
                0x00000110       0x68 ./Core/Src/main.o
 .debug_aranges
                0x00000178       0x50 ./Core/Src/pid.o
 .debug_aranges
                0x000001c8       0xb0 ./Core/Src/st7735s.o
 .debug_aranges
                0x00000278       0x88 ./Core/Src/st7735s_compat.o
 .debug_aranges
                0x00000300       0x68 ./Core/Src/stm32f3xx_hal_msp.o
 .debug_aranges
                0x00000368       0x68 ./Core/Src/stm32f3xx_it.o
 .debug_aranges
                0x000003d0       0x28 ./Core/Src/system_stm32f3xx.o
 .debug_aranges
                0x000003f8       0x28 ./Core/Startup/startup_stm32f301k6tx.o
 .debug_aranges
                0x00000420       0xe0 ./Drivers/STM32F3xx_HAL_Driver/Src/stm32f3xx_hal.o
 .debug_aranges
                0x00000500       0xc8 ./Drivers/STM32F3xx_HAL_Driver/Src/stm32f3xx_hal_adc.o
 .debug_aranges
                0x000005c8      0x140 ./Drivers/STM32F3xx_HAL_Driver/Src/stm32f3xx_hal_adc_ex.o
 .debug_aranges
                0x00000708      0x100 ./Drivers/STM32F3xx_HAL_Driver/Src/stm32f3xx_hal_cortex.o
 .debug_aranges
                0x00000808       0x88 ./Drivers/STM32F3xx_HAL_Driver/Src/stm32f3xx_hal_dma.o
 .debug_aranges
                0x00000890       0x58 ./Drivers/STM32F3xx_HAL_Driver/Src/stm32f3xx_hal_gpio.o
 .debug_aranges
                0x000008e8       0x88 ./Drivers/STM32F3xx_HAL_Driver/Src/stm32f3xx_hal_rcc.o
 .debug_aranges
                0x00000970       0x38 ./Drivers/STM32F3xx_HAL_Driver/Src/stm32f3xx_hal_rcc_ex.o
 .debug_aranges
                0x000009a8      0x1d8 ./Drivers/STM32F3xx_HAL_Driver/Src/stm32f3xx_hal_spi.o
 .debug_aranges
                0x00000b80      0x3e0 ./Drivers/STM32F3xx_HAL_Driver/Src/stm32f3xx_hal_tim.o
 .debug_aranges
                0x00000f60      0x178 ./Drivers/STM32F3xx_HAL_Driver/Src/stm32f3xx_hal_tim_ex.o
 .debug_aranges
                0x000010d8      0x228 ./Drivers/STM32F3xx_HAL_Driver/Src/stm32f3xx_hal_uart.o

.debug_macro    0x00000000    0x18073
 .debug_macro   0x00000000       0x63 ./Core/Src/fonts.o
 .debug_macro   0x00000063      0xad8 ./Core/Src/fonts.o
 .debug_macro   0x00000b3b       0x22 ./Core/Src/fonts.o
 .debug_macro   0x00000b5d       0x8e ./Core/Src/fonts.o
 .debug_macro   0x00000beb       0x51 ./Core/Src/fonts.o
 .debug_macro   0x00000c3c      0x103 ./Core/Src/fonts.o
 .debug_macro   0x00000d3f       0x6a ./Core/Src/fonts.o
 .debug_macro   0x00000da9      0x1df ./Core/Src/fonts.o
 .debug_macro   0x00000f88      0x2a1 ./Core/Src/gfx.o
 .debug_macro   0x00001229       0x61 ./Core/Src/gfx.o
 .debug_macro   0x0000128a       0x2a ./Core/Src/gfx.o
 .debug_macro   0x000012b4       0x43 ./Core/Src/gfx.o
 .debug_macro   0x000012f7       0x3a ./Core/Src/gfx.o
 .debug_macro   0x00001331       0x89 ./Core/Src/gfx.o
 .debug_macro   0x000013ba      0x460 ./Core/Src/gfx.o
 .debug_macro   0x0000181a       0x22 ./Core/Src/gfx.o
 .debug_macro   0x0000183c      0x119 ./Core/Src/gfx.o
 .debug_macro   0x00001955      0x16a ./Core/Src/gfx.o
 .debug_macro   0x00001abf       0x2e ./Core/Src/gfx.o
 .debug_macro   0x00001aed       0x28 ./Core/Src/gfx.o
 .debug_macro   0x00001b15       0x1c ./Core/Src/gfx.o
 .debug_macro   0x00001b31       0x22 ./Core/Src/gfx.o
 .debug_macro   0x00001b53       0xd9 ./Core/Src/gfx.o
 .debug_macro   0x00001c2c      0xf07 ./Core/Src/gfx.o
 .debug_macro   0x00002b33     0xb11f ./Core/Src/gfx.o
 .debug_macro   0x0000dc52       0x6d ./Core/Src/gfx.o
 .debug_macro   0x0000dcbf     0x3574 ./Core/Src/gfx.o
 .debug_macro   0x00011233       0x55 ./Core/Src/gfx.o
 .debug_macro   0x00011288      0x8f8 ./Core/Src/gfx.o
 .debug_macro   0x00011b80      0x39d ./Core/Src/gfx.o
 .debug_macro   0x00011f1d      0x1b5 ./Core/Src/gfx.o
 .debug_macro   0x000120d2      0x153 ./Core/Src/gfx.o
 .debug_macro   0x00012225      0x1d5 ./Core/Src/gfx.o
 .debug_macro   0x000123fa      0x1bc ./Core/Src/gfx.o
 .debug_macro   0x000125b6       0x34 ./Core/Src/gfx.o
 .debug_macro   0x000125ea       0x3c ./Core/Src/gfx.o
 .debug_macro   0x00012626       0x57 ./Core/Src/gfx.o
 .debug_macro   0x0001267d      0x7b9 ./Core/Src/gfx.o
 .debug_macro   0x00012e36       0x77 ./Core/Src/gfx.o
 .debug_macro   0x00012ead       0xc5 ./Core/Src/gfx.o
 .debug_macro   0x00012f72      0x19f ./Core/Src/gfx.o
 .debug_macro   0x00013111      0x22c ./Core/Src/gfx.o
 .debug_macro   0x0001333d       0x5b ./Core/Src/gfx.o
 .debug_macro   0x00013398       0xa5 ./Core/Src/gfx.o
 .debug_macro   0x0001343d       0x81 ./Core/Src/gfx.o
 .debug_macro   0x000134be       0xd3 ./Core/Src/gfx.o
 .debug_macro   0x00013591      0x2fe ./Core/Src/gfx.o
 .debug_macro   0x0001388f      0xa60 ./Core/Src/gfx.o
 .debug_macro   0x000142ef       0x41 ./Core/Src/gfx.o
 .debug_macro   0x00014330      0x5ba ./Core/Src/gfx.o
 .debug_macro   0x000148ea       0x44 ./Core/Src/gfx.o
 .debug_macro   0x0001492e      0x1db ./Core/Src/gfx.o
 .debug_macro   0x00014b09       0x88 ./Core/Src/gfx.o
 .debug_macro   0x00014b91       0x22 ./Core/Src/gfx.o
 .debug_macro   0x00014bb3      0x321 ./Core/Src/main.o
 .debug_macro   0x00014ed4      0x190 ./Core/Src/main.o
 .debug_macro   0x00015064       0x3c ./Core/Src/main.o
 .debug_macro   0x000150a0       0x28 ./Core/Src/main.o
 .debug_macro   0x000150c8      0x370 ./Core/Src/main.o
 .debug_macro   0x00015438       0x16 ./Core/Src/main.o
 .debug_macro   0x0001544e       0x4a ./Core/Src/main.o
 .debug_macro   0x00015498       0x34 ./Core/Src/main.o
 .debug_macro   0x000154cc       0x10 ./Core/Src/main.o
 .debug_macro   0x000154dc       0x58 ./Core/Src/main.o
 .debug_macro   0x00015534       0x8e ./Core/Src/main.o
 .debug_macro   0x000155c2       0x1c ./Core/Src/main.o
 .debug_macro   0x000155de      0x185 ./Core/Src/main.o
 .debug_macro   0x00015763      0x19b ./Core/Src/main.o
 .debug_macro   0x000158fe      0x20a ./Core/Src/pid.o
 .debug_macro   0x00015b08      0x27c ./Core/Src/st7735s.o
 .debug_macro   0x00015d84      0x280 ./Core/Src/st7735s_compat.o
 .debug_macro   0x00016004       0x5b ./Core/Src/st7735s_compat.o
 .debug_macro   0x0001605f       0x94 ./Core/Src/st7735s_compat.o
 .debug_macro   0x000160f3       0x57 ./Core/Src/st7735s_compat.o
 .debug_macro   0x0001614a      0x142 ./Core/Src/st7735s_compat.o
 .debug_macro   0x0001628c      0x200 ./Core/Src/stm32f3xx_hal_msp.o
 .debug_macro   0x0001648c      0x20a ./Core/Src/stm32f3xx_it.o
 .debug_macro   0x00016696      0x1f1 ./Core/Src/system_stm32f3xx.o
 .debug_macro   0x00016887      0x215 ./Drivers/STM32F3xx_HAL_Driver/Src/stm32f3xx_hal.o
 .debug_macro   0x00016a9c      0x1f2 ./Drivers/STM32F3xx_HAL_Driver/Src/stm32f3xx_hal_adc.o
 .debug_macro   0x00016c8e      0x21b ./Drivers/STM32F3xx_HAL_Driver/Src/stm32f3xx_hal_adc_ex.o
 .debug_macro   0x00016ea9      0x1f1 ./Drivers/STM32F3xx_HAL_Driver/Src/stm32f3xx_hal_cortex.o
 .debug_macro   0x0001709a      0x1f1 ./Drivers/STM32F3xx_HAL_Driver/Src/stm32f3xx_hal_dma.o
 .debug_macro   0x0001728b      0x1f8 ./Drivers/STM32F3xx_HAL_Driver/Src/stm32f3xx_hal_gpio.o
 .debug_macro   0x00017483      0x215 ./Drivers/STM32F3xx_HAL_Driver/Src/stm32f3xx_hal_rcc.o
 .debug_macro   0x00017698      0x1f1 ./Drivers/STM32F3xx_HAL_Driver/Src/stm32f3xx_hal_rcc_ex.o
 .debug_macro   0x00017889      0x1f9 ./Drivers/STM32F3xx_HAL_Driver/Src/stm32f3xx_hal_spi.o
 .debug_macro   0x00017a82      0x1f2 ./Drivers/STM32F3xx_HAL_Driver/Src/stm32f3xx_hal_tim.o
 .debug_macro   0x00017c74      0x1f1 ./Drivers/STM32F3xx_HAL_Driver/Src/stm32f3xx_hal_tim_ex.o
 .debug_macro   0x00017e65      0x20e ./Drivers/STM32F3xx_HAL_Driver/Src/stm32f3xx_hal_uart.o

.debug_line     0x00000000    0x1797a
 .debug_line    0x00000000      0x3f3 ./Core/Src/fonts.o
 .debug_line    0x000003f3      0xfe2 ./Core/Src/gfx.o
 .debug_line    0x000013d5      0xcab ./Core/Src/main.o
 .debug_line    0x00002080      0xa94 ./Core/Src/pid.o
 .debug_line    0x00002b14      0xe06 ./Core/Src/st7735s.o
 .debug_line    0x0000391a      0xa2e ./Core/Src/st7735s_compat.o
 .debug_line    0x00004348      0x954 ./Core/Src/stm32f3xx_hal_msp.o
 .debug_line    0x00004c9c      0x88b ./Core/Src/stm32f3xx_it.o
 .debug_line    0x00005527      0x83e ./Core/Src/system_stm32f3xx.o
 .debug_line    0x00005d65       0x7a ./Core/Startup/startup_stm32f301k6tx.o
 .debug_line    0x00005ddf      0xa7a ./Drivers/STM32F3xx_HAL_Driver/Src/stm32f3xx_hal.o
 .debug_line    0x00006859      0x9b4 ./Drivers/STM32F3xx_HAL_Driver/Src/stm32f3xx_hal_adc.o
 .debug_line    0x0000720d     0x1b47 ./Drivers/STM32F3xx_HAL_Driver/Src/stm32f3xx_hal_adc_ex.o
 .debug_line    0x00008d54      0xc3e ./Drivers/STM32F3xx_HAL_Driver/Src/stm32f3xx_hal_cortex.o
 .debug_line    0x00009992      0xd44 ./Drivers/STM32F3xx_HAL_Driver/Src/stm32f3xx_hal_dma.o
 .debug_line    0x0000a6d6      0xbb1 ./Drivers/STM32F3xx_HAL_Driver/Src/stm32f3xx_hal_gpio.o
 .debug_line    0x0000b287     0x15d9 ./Drivers/STM32F3xx_HAL_Driver/Src/stm32f3xx_hal_rcc.o
 .debug_line    0x0000c860      0xcac ./Drivers/STM32F3xx_HAL_Driver/Src/stm32f3xx_hal_rcc_ex.o
 .debug_line    0x0000d50c     0x210b ./Drivers/STM32F3xx_HAL_Driver/Src/stm32f3xx_hal_spi.o
 .debug_line    0x0000f617     0x3cf9 ./Drivers/STM32F3xx_HAL_Driver/Src/stm32f3xx_hal_tim.o
 .debug_line    0x00013310     0x1a06 ./Drivers/STM32F3xx_HAL_Driver/Src/stm32f3xx_hal_tim_ex.o
 .debug_line    0x00014d16     0x2c64 ./Drivers/STM32F3xx_HAL_Driver/Src/stm32f3xx_hal_uart.o

.debug_str      0x00000000    0x92c97
 .debug_str     0x00000000    0x92c97 ./Core/Src/fonts.o
                               0x3e5b (size before relaxing)
 .debug_str     0x00092c97    0x89fd9 ./Core/Src/gfx.o
 .debug_str     0x00092c97    0x8ea81 ./Core/Src/main.o
 .debug_str     0x00092c97    0x889a2 ./Core/Src/pid.o
 .debug_str     0x00092c97    0x8a0ff ./Core/Src/st7735s.o
 .debug_str     0x00092c97    0x8aa92 ./Core/Src/st7735s_compat.o
 .debug_str     0x00092c97    0x89615 ./Core/Src/stm32f3xx_hal_msp.o
 .debug_str     0x00092c97    0x88b6f ./Core/Src/stm32f3xx_it.o
 .debug_str     0x00092c97    0x887cd ./Core/Src/system_stm32f3xx.o
 .debug_str     0x00092c97       0x87 ./Core/Startup/startup_stm32f301k6tx.o
 .debug_str     0x00092c97    0x88eac ./Drivers/STM32F3xx_HAL_Driver/Src/stm32f3xx_hal.o
 .debug_str     0x00092c97    0x88dba ./Drivers/STM32F3xx_HAL_Driver/Src/stm32f3xx_hal_adc.o
 .debug_str     0x00092c97    0x893ef ./Drivers/STM32F3xx_HAL_Driver/Src/stm32f3xx_hal_adc_ex.o
 .debug_str     0x00092c97    0x88dd1 ./Drivers/STM32F3xx_HAL_Driver/Src/stm32f3xx_hal_cortex.o
 .debug_str     0x00092c97    0x88b15 ./Drivers/STM32F3xx_HAL_Driver/Src/stm32f3xx_hal_dma.o
 .debug_str     0x00092c97    0x88943 ./Drivers/STM32F3xx_HAL_Driver/Src/stm32f3xx_hal_gpio.o
 .debug_str     0x00092c97    0x88c6d ./Drivers/STM32F3xx_HAL_Driver/Src/stm32f3xx_hal_rcc.o
 .debug_str     0x00092c97    0x889df ./Drivers/STM32F3xx_HAL_Driver/Src/stm32f3xx_hal_rcc_ex.o
 .debug_str     0x00092c97    0x890f3 ./Drivers/STM32F3xx_HAL_Driver/Src/stm32f3xx_hal_spi.o
 .debug_str     0x00092c97    0x89c04 ./Drivers/STM32F3xx_HAL_Driver/Src/stm32f3xx_hal_tim.o
 .debug_str     0x00092c97    0x8944a ./Drivers/STM32F3xx_HAL_Driver/Src/stm32f3xx_hal_tim_ex.o
 .debug_str     0x00092c97    0x894f0 ./Drivers/STM32F3xx_HAL_Driver/Src/stm32f3xx_hal_uart.o

.comment        0x00000000       0x43
 .comment       0x00000000       0x43 ./Core/Src/fonts.o
                                 0x44 (size before relaxing)
 .comment       0x00000043       0x44 ./Core/Src/gfx.o
 .comment       0x00000043       0x44 ./Core/Src/main.o
 .comment       0x00000043       0x44 ./Core/Src/pid.o
 .comment       0x00000043       0x44 ./Core/Src/st7735s.o
 .comment       0x00000043       0x44 ./Core/Src/st7735s_compat.o
 .comment       0x00000043       0x44 ./Core/Src/stm32f3xx_hal_msp.o
 .comment       0x00000043       0x44 ./Core/Src/stm32f3xx_it.o
 .comment       0x00000043       0x44 ./Core/Src/system_stm32f3xx.o
 .comment       0x00000043       0x44 ./Drivers/STM32F3xx_HAL_Driver/Src/stm32f3xx_hal.o
 .comment       0x00000043       0x44 ./Drivers/STM32F3xx_HAL_Driver/Src/stm32f3xx_hal_adc.o
 .comment       0x00000043       0x44 ./Drivers/STM32F3xx_HAL_Driver/Src/stm32f3xx_hal_adc_ex.o
 .comment       0x00000043       0x44 ./Drivers/STM32F3xx_HAL_Driver/Src/stm32f3xx_hal_cortex.o
 .comment       0x00000043       0x44 ./Drivers/STM32F3xx_HAL_Driver/Src/stm32f3xx_hal_dma.o
 .comment       0x00000043       0x44 ./Drivers/STM32F3xx_HAL_Driver/Src/stm32f3xx_hal_gpio.o
 .comment       0x00000043       0x44 ./Drivers/STM32F3xx_HAL_Driver/Src/stm32f3xx_hal_rcc.o
 .comment       0x00000043       0x44 ./Drivers/STM32F3xx_HAL_Driver/Src/stm32f3xx_hal_rcc_ex.o
 .comment       0x00000043       0x44 ./Drivers/STM32F3xx_HAL_Driver/Src/stm32f3xx_hal_spi.o
 .comment       0x00000043       0x44 ./Drivers/STM32F3xx_HAL_Driver/Src/stm32f3xx_hal_tim.o
 .comment       0x00000043       0x44 ./Drivers/STM32F3xx_HAL_Driver/Src/stm32f3xx_hal_tim_ex.o
 .comment       0x00000043       0x44 ./Drivers/STM32F3xx_HAL_Driver/Src/stm32f3xx_hal_uart.o

.debug_rnglists
                0x00000000      0xecf
 .debug_rnglists
                0x00000000       0xc2 ./Core/Src/gfx.o
 .debug_rnglists
                0x000000c2       0x4f ./Core/Src/main.o
 .debug_rnglists
                0x00000111       0x3c ./Core/Src/pid.o
 .debug_rnglists
                0x0000014d       0x85 ./Core/Src/st7735s.o
 .debug_rnglists
                0x000001d2       0x61 ./Core/Src/st7735s_compat.o
 .debug_rnglists
                0x00000233       0x4c ./Core/Src/stm32f3xx_hal_msp.o
 .debug_rnglists
                0x0000027f       0x49 ./Core/Src/stm32f3xx_it.o
 .debug_rnglists
                0x000002c8       0x1a ./Core/Src/system_stm32f3xx.o
 .debug_rnglists
                0x000002e2       0x19 ./Core/Startup/startup_stm32f301k6tx.o
 .debug_rnglists
                0x000002fb       0xa3 ./Drivers/STM32F3xx_HAL_Driver/Src/stm32f3xx_hal.o
 .debug_rnglists
                0x0000039e       0x91 ./Drivers/STM32F3xx_HAL_Driver/Src/stm32f3xx_hal_adc.o
 .debug_rnglists
                0x0000042f      0x104 ./Drivers/STM32F3xx_HAL_Driver/Src/stm32f3xx_hal_adc_ex.o
 .debug_rnglists
                0x00000533       0xbb ./Drivers/STM32F3xx_HAL_Driver/Src/stm32f3xx_hal_cortex.o
 .debug_rnglists
                0x000005ee       0x69 ./Drivers/STM32F3xx_HAL_Driver/Src/stm32f3xx_hal_dma.o
 .debug_rnglists
                0x00000657       0x3f ./Drivers/STM32F3xx_HAL_Driver/Src/stm32f3xx_hal_gpio.o
 .debug_rnglists
                0x00000696       0x66 ./Drivers/STM32F3xx_HAL_Driver/Src/stm32f3xx_hal_rcc.o
 .debug_rnglists
                0x000006fc       0x28 ./Drivers/STM32F3xx_HAL_Driver/Src/stm32f3xx_hal_rcc_ex.o
 .debug_rnglists
                0x00000724      0x178 ./Drivers/STM32F3xx_HAL_Driver/Src/stm32f3xx_hal_spi.o
 .debug_rnglists
                0x0000089c      0x328 ./Drivers/STM32F3xx_HAL_Driver/Src/stm32f3xx_hal_tim.o
 .debug_rnglists
                0x00000bc4      0x131 ./Drivers/STM32F3xx_HAL_Driver/Src/stm32f3xx_hal_tim_ex.o
 .debug_rnglists
                0x00000cf5      0x1da ./Drivers/STM32F3xx_HAL_Driver/Src/stm32f3xx_hal_uart.o

.debug_frame    0x00000000     0x4ff4
 .debug_frame   0x00000000      0x428 ./Core/Src/gfx.o
 .debug_frame   0x00000428      0x158 ./Core/Src/main.o
 .debug_frame   0x00000580      0x128 ./Core/Src/pid.o
 .debug_frame   0x000006a8      0x2b4 ./Core/Src/st7735s.o
 .debug_frame   0x0000095c      0x1dc ./Core/Src/st7735s_compat.o
 .debug_frame   0x00000b38      0x184 ./Core/Src/stm32f3xx_hal_msp.o
 .debug_frame   0x00000cbc      0x120 ./Core/Src/stm32f3xx_it.o
 .debug_frame   0x00000ddc       0x58 ./Core/Src/system_stm32f3xx.o
 .debug_frame   0x00000e34      0x334 ./Drivers/STM32F3xx_HAL_Driver/Src/stm32f3xx_hal.o
 .debug_frame   0x00001168      0x380 ./Drivers/STM32F3xx_HAL_Driver/Src/stm32f3xx_hal_adc.o
 .debug_frame   0x000014e8      0x57c ./Drivers/STM32F3xx_HAL_Driver/Src/stm32f3xx_hal_adc_ex.o
 .debug_frame   0x00001a64      0x428 ./Drivers/STM32F3xx_HAL_Driver/Src/stm32f3xx_hal_cortex.o
 .debug_frame   0x00001e8c      0x224 ./Drivers/STM32F3xx_HAL_Driver/Src/stm32f3xx_hal_dma.o
 .debug_frame   0x000020b0      0x14c ./Drivers/STM32F3xx_HAL_Driver/Src/stm32f3xx_hal_gpio.o
 .debug_frame   0x000021fc      0x214 ./Drivers/STM32F3xx_HAL_Driver/Src/stm32f3xx_hal_rcc.o
 .debug_frame   0x00002410       0xb0 ./Drivers/STM32F3xx_HAL_Driver/Src/stm32f3xx_hal_rcc_ex.o
 .debug_frame   0x000024c0      0x860 ./Drivers/STM32F3xx_HAL_Driver/Src/stm32f3xx_hal_spi.o
 .debug_frame   0x00002d20     0x1218 ./Drivers/STM32F3xx_HAL_Driver/Src/stm32f3xx_hal_tim.o
 .debug_frame   0x00003f38      0x688 ./Drivers/STM32F3xx_HAL_Driver/Src/stm32f3xx_hal_tim_ex.o
 .debug_frame   0x000045c0      0x9e8 ./Drivers/STM32F3xx_HAL_Driver/Src/stm32f3xx_hal_uart.o
 .debug_frame   0x00004fa8       0x20 C:/ST/STM32CubeIDE_1.19.0/STM32CubeIDE/plugins/com.st.stm32cube.ide.mcu.externaltools.gnu-tools-for-stm32.13.3.rel1.win32_1.0.0.202411081344/tools/bin/../lib/gcc/arm-none-eabi/13.3.1/../../../../arm-none-eabi/lib/thumb/v7e-m+fp/hard\libc_nano.a(libc_a-memset.o)
 .debug_frame   0x00004fc8       0x2c C:/ST/STM32CubeIDE_1.19.0/STM32CubeIDE/plugins/com.st.stm32cube.ide.mcu.externaltools.gnu-tools-for-stm32.13.3.rel1.win32_1.0.0.202411081344/tools/bin/../lib/gcc/arm-none-eabi/13.3.1/../../../../arm-none-eabi/lib/thumb/v7e-m+fp/hard\libc_nano.a(libc_a-init.o)

.debug_line_str
                0x00000000       0x6b
 .debug_line_str
                0x00000000       0x6b ./Core/Startup/startup_stm32f301k6tx.o
